Archive member included to satisfy reference by file (symbol)

C:/ti/simplelink_cc32xx_sdk_7_10_00_13/source\ti/drivers/lib/gcc/m4/drivers_cc32xx.a(GPIO.c.obj)
                              ./gpiointerrupt.o (GPIO_setCallback)
C:/ti/simplelink_cc32xx_sdk_7_10_00_13/source\ti/drivers/lib/gcc/m4/drivers_cc32xx.a(GPIOCC32XX.c.obj)
                              ./gpiointerrupt.o (GPIO_enableInt)
C:/ti/simplelink_cc32xx_sdk_7_10_00_13/source\ti/drivers/lib/gcc/m4/drivers_cc32xx.a(I2C.c.obj)
                              ./gpiointerrupt.o (I2C_init)
C:/ti/simplelink_cc32xx_sdk_7_10_00_13/source\ti/drivers/lib/gcc/m4/drivers_cc32xx.a(I2CCC32XX.c.obj)
                              C:/ti/simplelink_cc32xx_sdk_7_10_00_13/source\ti/drivers/lib/gcc/m4/drivers_cc32xx.a(I2C.c.obj) (I2CSupport_primeTransfer)
C:/ti/simplelink_cc32xx_sdk_7_10_00_13/source\ti/drivers/lib/gcc/m4/drivers_cc32xx.a(PowerCC32XX.c.obj)
                              ./syscfg/ti_drivers_config.o (Power_init)
C:/ti/simplelink_cc32xx_sdk_7_10_00_13/source\ti/drivers/lib/gcc/m4/drivers_cc32xx.a(PowerCC32XX_gcc.asm.obj)
                              C:/ti/simplelink_cc32xx_sdk_7_10_00_13/source\ti/drivers/lib/gcc/m4/drivers_cc32xx.a(PowerCC32XX.c.obj) (PowerCC32XX_enterLPDS)
C:/ti/simplelink_cc32xx_sdk_7_10_00_13/source\ti/drivers/lib/gcc/m4/drivers_cc32xx.a(Timer.c.obj)
                              ./gpiointerrupt.o (Timer_init)
C:/ti/simplelink_cc32xx_sdk_7_10_00_13/source\ti/drivers/lib/gcc/m4/drivers_cc32xx.a(TimerCC32XX.c.obj)
                              ./gpiointerrupt.o (Timer_open)
C:/ti/simplelink_cc32xx_sdk_7_10_00_13/source\ti/drivers/lib/gcc/m4/drivers_cc32xx.a(UART2.c.obj)
                              ./gpiointerrupt.o (UART2_Params_init)
C:/ti/simplelink_cc32xx_sdk_7_10_00_13/source\ti/drivers/lib/gcc/m4/drivers_cc32xx.a(UART2CC32XX.c.obj)
                              ./gpiointerrupt.o (UART2_open)
C:/ti/simplelink_cc32xx_sdk_7_10_00_13/source\ti/drivers/lib/gcc/m4/drivers_cc32xx.a(List.c.obj)
                              C:/ti/simplelink_cc32xx_sdk_7_10_00_13/source\ti/drivers/lib/gcc/m4/drivers_cc32xx.a(PowerCC32XX.c.obj) (List_put)
C:/ti/simplelink_cc32xx_sdk_7_10_00_13/source\ti/drivers/lib/gcc/m4/drivers_cc32xx.a(RingBuf.c.obj)
                              C:/ti/simplelink_cc32xx_sdk_7_10_00_13/source\ti/drivers/lib/gcc/m4/drivers_cc32xx.a(UART2CC32XX.c.obj) (RingBuf_construct)
C:/ti/simplelink_cc32xx_sdk_7_10_00_13/source\ti/drivers/lib/gcc/m4/drivers_cc32xx.a(UDMACC32XX.c.obj)
                              C:/ti/simplelink_cc32xx_sdk_7_10_00_13/source\ti/drivers/lib/gcc/m4/drivers_cc32xx.a(UART2CC32XX.c.obj) (UDMACC32XX_close)
C:/ti/simplelink_cc32xx_sdk_7_10_00_13/kernel/nortos\lib/gcc/m4/nortos_cc32xx.a(NoRTOS.c.obj)
                              ./main_nortos.o (NoRTOS_start)
C:/ti/simplelink_cc32xx_sdk_7_10_00_13/kernel/nortos\lib/gcc/m4/nortos_cc32xx.a(SemaphoreP_nortos.c.obj)
                              C:/ti/simplelink_cc32xx_sdk_7_10_00_13/source\ti/drivers/lib/gcc/m4/drivers_cc32xx.a(I2CCC32XX.c.obj) (SemaphoreP_constructBinary)
C:/ti/simplelink_cc32xx_sdk_7_10_00_13/kernel/nortos\lib/gcc/m4/nortos_cc32xx.a(ClockPSysTick_nortos.c.obj)
                              C:/ti/simplelink_cc32xx_sdk_7_10_00_13/kernel/nortos\lib/gcc/m4/nortos_cc32xx.a(SemaphoreP_nortos.c.obj) (ClockP_add)
C:/ti/simplelink_cc32xx_sdk_7_10_00_13/kernel/nortos\lib/gcc/m4/nortos_cc32xx.a(HwiPCC32XX_nortos.c.obj)
                              C:/ti/simplelink_cc32xx_sdk_7_10_00_13/kernel/nortos\lib/gcc/m4/nortos_cc32xx.a(NoRTOS.c.obj) (HwiP_enable)
C:/ti/simplelink_cc32xx_sdk_7_10_00_13/kernel/nortos\lib/gcc/m4/nortos_cc32xx.a(PowerCC32XX_nortos.c.obj)
                              ./syscfg/ti_drivers_config.o (PowerCC32XX_initPolicy)
C:/ti/simplelink_cc32xx_sdk_7_10_00_13/kernel/nortos\lib/gcc/m4/nortos_cc32xx.a(startup_cc32xx_gcc.c.obj)
                              (resetISR)
C:/ti/simplelink_cc32xx_sdk_7_10_00_13/kernel/nortos\lib/gcc/m4/nortos_cc32xx.a(SwiP_nortos.c.obj)
                              C:/ti/simplelink_cc32xx_sdk_7_10_00_13/kernel/nortos\lib/gcc/m4/nortos_cc32xx.a(PowerCC32XX_nortos.c.obj) (SwiP_disable)
C:/ti/simplelink_cc32xx_sdk_7_10_00_13/source\ti/devices/cc32xx/driverlib/gcc/Release/driverlib.a(cpu.obj)
                              C:/ti/simplelink_cc32xx_sdk_7_10_00_13/kernel/nortos\lib/gcc/m4/nortos_cc32xx.a(HwiPCC32XX_nortos.c.obj) (CPUprimask)
C:/ti/simplelink_cc32xx_sdk_7_10_00_13/source\ti/devices/cc32xx/driverlib/gcc/Release/driverlib.a(gpio.obj)
                              C:/ti/simplelink_cc32xx_sdk_7_10_00_13/source\ti/drivers/lib/gcc/m4/drivers_cc32xx.a(GPIOCC32XX.c.obj) (GPIODirModeSet)
C:/ti/simplelink_cc32xx_sdk_7_10_00_13/source\ti/devices/cc32xx/driverlib/gcc/Release/driverlib.a(hwspinlock.obj)
                              C:/ti/simplelink_cc32xx_sdk_7_10_00_13/source\ti/drivers/lib/gcc/m4/drivers_cc32xx.a(PowerCC32XX.c.obj) (HwSpinLockTryAcquire)
[...]
Memory Configuration

Name             Origin             Length             Attributes
SRAM             0x20004000         0x0003c000         xrw
LOG_DATA         0x90000000         0x00040000         r
LOG_PTR          0x94000008         0x00040000         r
*default*        0x00000000         0xffffffff

Linker script and memory map

LOAD ./gpiointerrupt.o
LOAD ./syscfg/ti_drivers_config.o
LOAD ./main_nortos.o
                0x00001000                STACKSIZE = 0x1000
                0x00008000                HEAP_SIZE = 0x8000
                0x20004000                PROVIDE (_resetVecs_base_address = DEFINED (_resetVecs_base_address)?_resetVecs_base_address:0x20004000)

.resetVecs      0x20004000       0x40
 *(.resetVecs)
 .resetVecs     0x20004000       0x40 C:/ti/simplelink_cc32xx_sdk_7_10_00_13/kernel/nortos\lib/gcc/m4/nortos_cc32xx.a(startup_cc32xx_gcc.c.obj)

.ramVecs        0x20004400      0x30c
 *(.ramVecs)
 .ramVecs       0x20004400      0x30c C:/ti/simplelink_cc32xx_sdk_7_10_00_13/kernel/nortos\lib/gcc/m4/nortos_cc32xx.a(startup_cc32xx_gcc.c.obj)

.text           0x20004710     0x6a10
 CREATE_OBJECT_SYMBOLS
 *(.text)
 .text          0x20004710       0x98 C:/ti/simplelink_cc32xx_sdk_7_10_00_13/source\ti/drivers/lib/gcc/m4/drivers_cc32xx.a(PowerCC32XX_gcc.asm.obj)
                0x20004710                PowerCC32XX_enterLPDS
                0x20004754                PowerCC32XX_resumeLPDS
 .text          0x200047a8      0x254 c:/ti/ccs1281/ccs/tools/compiler/gcc-arm-none-eabi-9-2019-q4-major/bin/../lib/gcc/arm-none-eabi/9.2.1/thumb/v7e-m/nofp\libgcc.a(_arm_muldf3.o)
                0x200047a8                __muldf3
                0x200047a8                __aeabi_dmul
 .text          0x200049fc      0x378 c:/ti/ccs1281/ccs/tools/compiler/gcc-arm-none-eabi-9-2019-q4-major/bin/../lib/gcc/arm-none-eabi/9.2.1/thumb/v7e-m/nofp\libgcc.a(_arm_addsubdf3.o)
                0x200049fc                __aeabi_drsub
                0x20004a04                __aeabi_dsub
                0x20004a04                __subdf3
                0x20004a08                __aeabi_dadd
                0x20004a08                __adddf3
                0x20004c80                __floatunsidf
                0x20004c80                __aeabi_ui2d
                0x20004ca0                __floatsidf
                0x20004ca0                __aeabi_i2d
                0x20004cc4                __aeabi_f2d
                0x20004cc4                __extendsfdf2
                0x20004d08                __floatundidf
                0x20004d08                __aeabi_ul2d
                0x20004d18                __floatdidf
                0x20004d18                __aeabi_l2d
 .text          0x20004d74       0x50 c:/ti/ccs1281/ccs/tools/compiler/gcc-arm-none-eabi-9-2019-q4-major/bin/../lib/gcc/arm-none-eabi/9.2.1/thumb/v7e-m/nofp\libgcc.a(_arm_fixdfsi.o)
                0x20004d74                __aeabi_d2iz
                0x20004d74                __fixdfsi
 .text          0x20004dc4       0x30 c:/ti/ccs1281/ccs/tools/compiler/gcc-arm-none-eabi-9-2019-q4-major/bin/../lib/gcc/arm-none-eabi/9.2.1/thumb/v7e-m/nofp\libgcc.a(_aeabi_uldivmod.o)
                0x20004dc4                __aeabi_uldivmod
 .text          0x20004df4      0x2c0 c:/ti/ccs1281/ccs/tools/compiler/gcc-arm-none-eabi-9-2019-q4-major/bin/../lib/gcc/arm-none-eabi/9.2.1/thumb/v7e-m/nofp\libgcc.a(_udivmoddi4.o)
                0x20004df4                __udivmoddi4
 .text          0x200050b4        0x4 c:/ti/ccs1281/ccs/tools/compiler/gcc-arm-none-eabi-9-2019-q4-major/bin/../lib/gcc/arm-none-eabi/9.2.1/thumb/v7e-m/nofp\libgcc.a(_dvmd_tls.o)
                0x200050b4                __aeabi_idiv0
                0x200050b4                __aeabi_ldiv0
 *fill*         0x200050b8        0x8 
 .text          0x200050c0       0xa0 C:/ti/ccs1281/ccs/tools/compiler/gcc-arm-none-eabi-9-2019-q4-major/arm-none-eabi/lib/thumb/v7e-m/nofp\libc_nano.a(lib_a-memchr.o)
                0x200050c0                memchr
 *(.text.*)
 .text.timerCallback
                0x20005160        0xc ./gpiointerrupt.o
                0x20005160                timerCallback
 .text.gpioIncreaseTemperatureCallback
                0x2000516c        0xc ./gpiointerrupt.o
                0x2000516c                gpioIncreaseTemperatureCallback
 .text.gpioDecreaseTemperatureCallback
                0x20005178        0xc ./gpiointerrupt.o
                0x20005178                gpioDecreaseTemperatureCallback
 .text.adjustSetPointTemperature
                0x20005184       0x40 ./gpiointerrupt.o
                0x20005184                adjustSetPointTemperature
 .text.setHeatMode
                0x200051c4       0x98 ./gpiointerrupt.o
                0x200051c4                setHeatMode
 .text.getAmbientTemperature
                0x2000525c       0xc4 ./gpiointerrupt.o
                0x2000525c                getAmbientTemperature
 .text.UARTStart
                0x20005320       0x30 ./gpiointerrupt.o
                0x20005320                UARTStart
 .text.I2CStart
                0x20005350      0x1f0 ./gpiointerrupt.o
                0x20005350                I2CStart
 .text.timerStart
                0x20005540       0x48 ./gpiointerrupt.o
                0x20005540                timerStart
 .text.GPIOStart
                0x20005588       0x5c ./gpiointerrupt.o
                0x20005588                GPIOStart
 .text.mainThread
                0x200055e4       0x70 ./gpiointerrupt.o
                0x200055e4                mainThread
 .text.dmaErrorFxn
                0x20005654        0xc ./syscfg/ti_drivers_config.o
 .text.Board_initHook
                0x20005660        0x4 ./syscfg/ti_drivers_config.o
                0x20005660                Board_initHook
 .text.Board_init
                0x20005664       0x14 ./syscfg/ti_drivers_config.o
                0x20005664                Board_init
 .text.startup.main
                0x20005678       0x14 ./main_nortos.o
                0x20005678                main
 .text.GPIO_setCallback
                0x2000568c       0x1c C:/ti/simplelink_cc32xx_sdk_7_10_00_13/source\ti/drivers/lib/gcc/m4/drivers_cc32xx.a(GPIO.c.obj)
                0x2000568c                GPIO_setCallback
 .text.GPIO_hwiIntFxn
                0x200056a8       0x54 C:/ti/simplelink_cc32xx_sdk_7_10_00_13/source\ti/drivers/lib/gcc/m4/drivers_cc32xx.a(GPIOCC32XX.c.obj)
                0x200056a8                GPIO_hwiIntFxn
 .text.GPIO_enableInt
                0x200056fc       0x44 C:/ti/simplelink_cc32xx_sdk_7_10_00_13/source\ti/drivers/lib/gcc/m4/drivers_cc32xx.a(GPIOCC32XX.c.obj)
                0x200056fc                GPIO_enableInt
 .text.GPIO_setInterruptConfig
                0x20005740       0x9c C:/ti/simplelink_cc32xx_sdk_7_10_00_13/source\ti/drivers/lib/gcc/m4/drivers_cc32xx.a(GPIOCC32XX.c.obj)
                0x20005740                GPIO_setInterruptConfig
 .text.GPIO_setConfig
                0x200057dc      0x160 C:/ti/simplelink_cc32xx_sdk_7_10_00_13/source\ti/drivers/lib/gcc/m4/drivers_cc32xx.a(GPIOCC32XX.c.obj)
                0x200057dc                GPIO_setConfig
 .text.GPIO_init
                0x2000593c       0xa0 C:/ti/simplelink_cc32xx_sdk_7_10_00_13/source\ti/drivers/lib/gcc/m4/drivers_cc32xx.a(GPIOCC32XX.c.obj)
                0x2000593c                GPIO_init
 .text.powerNotifyFxn
                0x200059dc       0x84 C:/ti/simplelink_cc32xx_sdk_7_10_00_13/source\ti/drivers/lib/gcc/m4/drivers_cc32xx.a(GPIOCC32XX.c.obj)
 .text.GPIO_write
                0x20005a60       0x8c C:/ti/simplelink_cc32xx_sdk_7_10_00_13/source\ti/drivers/lib/gcc/m4/drivers_cc32xx.a(GPIOCC32XX.c.obj)
                0x20005a60                GPIO_write
 .text.I2C_init
                0x20005aec        0x4 C:/ti/simplelink_cc32xx_sdk_7_10_00_13/source\ti/drivers/lib/gcc/m4/drivers_cc32xx.a(I2C.c.obj)
                0x20005aec                I2C_init
 .text.I2C_Params_init
                0x20005af0        0xc C:/ti/simplelink_cc32xx_sdk_7_10_00_13/source\ti/drivers/lib/gcc/m4/drivers_cc32xx.a(I2C.c.obj)
                0x20005af0                I2C_Params_init
 .text.I2C_transferTimeout
                0x20005afc      0x150 C:/ti/simplelink_cc32xx_sdk_7_10_00_13/source\ti/drivers/lib/gcc/m4/drivers_cc32xx.a(I2C.c.obj)
                0x20005afc                I2C_transferTimeout
 .text.I2C_transfer
                0x20005c4c       0x14 C:/ti/simplelink_cc32xx_sdk_7_10_00_13/source\ti/drivers/lib/gcc/m4/drivers_cc32xx.a(I2C.c.obj)
                0x20005c4c                I2C_transfer
 .text.I2CCC32XX_blockingCallback
                0x20005c60        0x8 C:/ti/simplelink_cc32xx_sdk_7_10_00_13/source\ti/drivers/lib/gcc/m4/drivers_cc32xx.a(I2CCC32XX.c.obj)
 .text.I2CCC32XX_primeReadBurst.isra.0
                0x20005c68       0x74 C:/ti/simplelink_cc32xx_sdk_7_10_00_13/source\ti/drivers/lib/gcc/m4/drivers_cc32xx.a(I2CCC32XX.c.obj)
 .text.I2CCC32XX_initHw.isra.0
                0x20005cdc       0x70 C:/ti/simplelink_cc32xx_sdk_7_10_00_13/source\ti/drivers/lib/gcc/m4/drivers_cc32xx.a(I2CCC32XX.c.obj)
 .text.I2CCC32XX_postNotify
                0x20005d4c       0x10 C:/ti/simplelink_cc32xx_sdk_7_10_00_13/source\ti/drivers/lib/gcc/m4/drivers_cc32xx.a(I2CCC32XX.c.obj)
 .text.I2CCC32XX_primeWriteBurst
                0x20005d5c       0xac C:/ti/simplelink_cc32xx_sdk_7_10_00_13/source\ti/drivers/lib/gcc/m4/drivers_cc32xx.a(I2CCC32XX.c.obj)
 .text.I2CCC32XX_completeTransfer
                0x20005e08      0x108 C:/ti/simplelink_cc32xx_sdk_7_10_00_13/source\ti/drivers/lib/gcc/m4/drivers_cc32xx.a(I2CCC32XX.c.obj)
 .text.I2CCC32XX_hwiFxn
                0x20005f10      0x1a8 C:/ti/simplelink_cc32xx_sdk_7_10_00_13/source\ti/drivers/lib/gcc/m4/drivers_cc32xx.a(I2CCC32XX.c.obj)
 .text.I2CSupport_primeTransfer
                0x200060b8       0x70 C:/ti/simplelink_cc32xx_sdk_7_10_00_13/source\ti/drivers/lib/gcc/m4/drivers_cc32xx.a(I2CCC32XX.c.obj)
                0x200060b8                I2CSupport_primeTransfer
 .text.I2CSupport_controllerFinish
                0x20006128        0x8 C:/ti/simplelink_cc32xx_sdk_7_10_00_13/source\ti/drivers/lib/gcc/m4/drivers_cc32xx.a(I2CCC32XX.c.obj)
                0x20006128                I2CSupport_controllerFinish
 .text.I2CSupport_powerRelConstraint
                0x20006130        0x8 C:/ti/simplelink_cc32xx_sdk_7_10_00_13/source\ti/drivers/lib/gcc/m4/drivers_cc32xx.a(I2CCC32XX.c.obj)
                0x20006130                I2CSupport_powerRelConstraint
 .text.I2CSupport_powerSetConstraint
                0x20006138        0x8 C:/ti/simplelink_cc32xx_sdk_7_10_00_13/source\ti/drivers/lib/gcc/m4/drivers_cc32xx.a(I2CCC32XX.c.obj)
                0x20006138                I2CSupport_powerSetConstraint
 .text.I2C_open
                0x20006140      0x10c C:/ti/simplelink_cc32xx_sdk_7_10_00_13/source\ti/drivers/lib/gcc/m4/drivers_cc32xx.a(I2CCC32XX.c.obj)
                0x20006140                I2C_open
 .text.Power_disablePolicy
                0x2000624c       0x14 C:/ti/simplelink_cc32xx_sdk_7_10_00_13/source\ti/drivers/lib/gcc/m4/drivers_cc32xx.a(PowerCC32XX.c.obj)
                0x2000624c                Power_disablePolicy
 .text.Power_enablePolicy
                0x20006260       0x10 C:/ti/simplelink_cc32xx_sdk_7_10_00_13/source\ti/drivers/lib/gcc/m4/drivers_cc32xx.a(PowerCC32XX.c.obj)
                0x20006260                Power_enablePolicy
 .text.Power_getConstraintMask
                0x20006270        0xc C:/ti/simplelink_cc32xx_sdk_7_10_00_13/source\ti/drivers/lib/gcc/m4/drivers_cc32xx.a(PowerCC32XX.c.obj)
                0x20006270                Power_getConstraintMask
 .text.Power_getTransitionLatency
                0x2000627c       0x14 C:/ti/simplelink_cc32xx_sdk_7_10_00_13/source\ti/drivers/lib/gcc/m4/drivers_cc32xx.a(PowerCC32XX.c.obj)
                0x2000627c                Power_getTransitionLatency
 .text.Power_idleFunc
                0x20006290       0x14 C:/ti/simplelink_cc32xx_sdk_7_10_00_13/source\ti/drivers/lib/gcc/m4/drivers_cc32xx.a(PowerCC32XX.c.obj)
                0x20006290                Power_idleFunc
 .text.Power_init
                0x200062a4       0xd8 C:/ti/simplelink_cc32xx_sdk_7_10_00_13/source\ti/drivers/lib/gcc/m4/drivers_cc32xx.a(PowerCC32XX.c.obj)
                0x200062a4                Power_init
 .text.Power_registerNotify
                0x2000637c       0x24 C:/ti/simplelink_cc32xx_sdk_7_10_00_13/source\ti/drivers/lib/gcc/m4/drivers_cc32xx.a(PowerCC32XX.c.obj)
                0x2000637c                Power_registerNotify
 .text.Power_releaseConstraint
                0x200063a0       0x4c C:/ti/simplelink_cc32xx_sdk_7_10_00_13/source\ti/drivers/lib/gcc/m4/drivers_cc32xx.a(PowerCC32XX.c.obj)
                0x200063a0                Power_releaseConstraint
 .text.Power_releaseDependency
                0x200063ec       0x54 C:/ti/simplelink_cc32xx_sdk_7_10_00_13/source\ti/drivers/lib/gcc/m4/drivers_cc32xx.a(PowerCC32XX.c.obj)
                0x200063ec                Power_releaseDependency
 .text.Power_setConstraint
                0x20006440       0x38 C:/ti/simplelink_cc32xx_sdk_7_10_00_13/source\ti/drivers/lib/gcc/m4/drivers_cc32xx.a(PowerCC32XX.c.obj)
                0x20006440                Power_setConstraint
 .text.Power_setDependency
                0x20006478       0x78 C:/ti/simplelink_cc32xx_sdk_7_10_00_13/source\ti/drivers/lib/gcc/m4/drivers_cc32xx.a(PowerCC32XX.c.obj)
                0x20006478                Power_setDependency
 .text.Power_sleep
                0x200064f0      0x554 C:/ti/simplelink_cc32xx_sdk_7_10_00_13/source\ti/drivers/lib/gcc/m4/drivers_cc32xx.a(PowerCC32XX.c.obj)
                0x200064f0                Power_sleep
 .text.Power_unregisterNotify
                0x20006a44       0x20 C:/ti/simplelink_cc32xx_sdk_7_10_00_13/source\ti/drivers/lib/gcc/m4/drivers_cc32xx.a(PowerCC32XX.c.obj)
                0x20006a44                Power_unregisterNotify
 .text.PowerCC32XX_getParkState
                0x20006a64       0x38 C:/ti/simplelink_cc32xx_sdk_7_10_00_13/source\ti/drivers/lib/gcc/m4/drivers_cc32xx.a(PowerCC32XX.c.obj)
                0x20006a64                PowerCC32XX_getParkState
 .text.PowerCC32XX_restoreParkState
                0x20006a9c       0x30 C:/ti/simplelink_cc32xx_sdk_7_10_00_13/source\ti/drivers/lib/gcc/m4/drivers_cc32xx.a(PowerCC32XX.c.obj)
                0x20006a9c                PowerCC32XX_restoreParkState
 .text.PowerCC32XX_setParkState
                0x20006acc       0x64 C:/ti/simplelink_cc32xx_sdk_7_10_00_13/source\ti/drivers/lib/gcc/m4/drivers_cc32xx.a(PowerCC32XX.c.obj)
                0x20006acc                PowerCC32XX_setParkState
 .text.PowerCC32XX_reset
                0x20006b30       0x20 C:/ti/simplelink_cc32xx_sdk_7_10_00_13/source\ti/drivers/lib/gcc/m4/drivers_cc32xx.a(PowerCC32XX.c.obj)
                0x20006b30                PowerCC32XX_reset
 .text.Timer_init
                0x20006b50        0x4 C:/ti/simplelink_cc32xx_sdk_7_10_00_13/source\ti/drivers/lib/gcc/m4/drivers_cc32xx.a(Timer.c.obj)
                0x20006b50                Timer_init
 .text.Timer_Params_init
                0x20006b54       0x10 C:/ti/simplelink_cc32xx_sdk_7_10_00_13/source\ti/drivers/lib/gcc/m4/drivers_cc32xx.a(Timer.c.obj)
                0x20006b54                Timer_Params_init
 .text.Timer_start
                0x20006b64       0x48 C:/ti/simplelink_cc32xx_sdk_7_10_00_13/source\ti/drivers/lib/gcc/m4/drivers_cc32xx.a(Timer.c.obj)
                0x20006b64                Timer_start
 .text.Timer_stop
                0x20006bac       0x44 C:/ti/simplelink_cc32xx_sdk_7_10_00_13/source\ti/drivers/lib/gcc/m4/drivers_cc32xx.a(Timer.c.obj)
                0x20006bac                Timer_stop
 .text.TimerCC32XX_hwiIntFunction
                0x20006bf0       0x38 C:/ti/simplelink_cc32xx_sdk_7_10_00_13/source\ti/drivers/lib/gcc/m4/drivers_cc32xx.a(TimerCC32XX.c.obj)
 .text.postNotifyFxn
                0x20006c28       0x58 C:/ti/simplelink_cc32xx_sdk_7_10_00_13/source\ti/drivers/lib/gcc/m4/drivers_cc32xx.a(TimerCC32XX.c.obj)
 .text.Timer_close
                0x20006c80       0xb4 C:/ti/simplelink_cc32xx_sdk_7_10_00_13/source\ti/drivers/lib/gcc/m4/drivers_cc32xx.a(TimerCC32XX.c.obj)
                0x20006c80                Timer_close
 .text.Timer_open
                0x20006d34      0x284 C:/ti/simplelink_cc32xx_sdk_7_10_00_13/source\ti/drivers/lib/gcc/m4/drivers_cc32xx.a(TimerCC32XX.c.obj)
                0x20006d34                Timer_open
 .text.TimerSupport_timerDisable
                0x20006fb8       0x28 C:/ti/simplelink_cc32xx_sdk_7_10_00_13/source\ti/drivers/lib/gcc/m4/drivers_cc32xx.a(TimerCC32XX.c.obj)
                0x20006fb8                TimerSupport_timerDisable
 .text.TimerSupport_timerEnable
                0x20006fe0       0x50 C:/ti/simplelink_cc32xx_sdk_7_10_00_13/source\ti/drivers/lib/gcc/m4/drivers_cc32xx.a(TimerCC32XX.c.obj)
                0x20006fe0                TimerSupport_timerEnable
 .text.UART2_Params_init
                0x20007030       0x1c C:/ti/simplelink_cc32xx_sdk_7_10_00_13/source\ti/drivers/lib/gcc/m4/drivers_cc32xx.a(UART2.c.obj)
                0x20007030                UART2_Params_init
 .text.UART2_rxDisable
                0x2000704c       0x40 C:/ti/simplelink_cc32xx_sdk_7_10_00_13/source\ti/drivers/lib/gcc/m4/drivers_cc32xx.a(UART2.c.obj)
                0x2000704c                UART2_rxDisable
 .text.UART2_writeTimeoutBlocking
                0x2000708c      0x174 C:/ti/simplelink_cc32xx_sdk_7_10_00_13/source\ti/drivers/lib/gcc/m4/drivers_cc32xx.a(UART2.c.obj)
                0x2000708c                UART2_writeTimeoutBlocking
 .text.UART2_writeTimeoutNonblocking
                0x20007200      0x124 C:/ti/simplelink_cc32xx_sdk_7_10_00_13/source\ti/drivers/lib/gcc/m4/drivers_cc32xx.a(UART2.c.obj)
                0x20007200                UART2_writeTimeoutNonblocking
 .text.UART2_writeTimeout
                0x20007324       0x18 C:/ti/simplelink_cc32xx_sdk_7_10_00_13/source\ti/drivers/lib/gcc/m4/drivers_cc32xx.a(UART2.c.obj)
                0x20007324                UART2_writeTimeout
 .text.UART2_write
                0x2000733c       0x14 C:/ti/simplelink_cc32xx_sdk_7_10_00_13/source\ti/drivers/lib/gcc/m4/drivers_cc32xx.a(UART2.c.obj)
                0x2000733c                UART2_write
 .text.UART2CC32XX_eventCallback
                0x20007350        0x4 C:/ti/simplelink_cc32xx_sdk_7_10_00_13/source\ti/drivers/lib/gcc/m4/drivers_cc32xx.a(UART2CC32XX.c.obj)
 .text.UART2CC32XX_initHw.isra.0
                0x20007354       0xd4 C:/ti/simplelink_cc32xx_sdk_7_10_00_13/source\ti/drivers/lib/gcc/m4/drivers_cc32xx.a(UART2CC32XX.c.obj)
 .text.UART2CC32XX_postNotifyFxn
                0x20007428       0x10 C:/ti/simplelink_cc32xx_sdk_7_10_00_13/source\ti/drivers/lib/gcc/m4/drivers_cc32xx.a(UART2CC32XX.c.obj)
 .text.UART2_close
                0x20007438      0x100 C:/ti/simplelink_cc32xx_sdk_7_10_00_13/source\ti/drivers/lib/gcc/m4/drivers_cc32xx.a(UART2CC32XX.c.obj)
                0x20007438                UART2_close
 .text.UART2_open
                0x20007538      0x250 C:/ti/simplelink_cc32xx_sdk_7_10_00_13/source\ti/drivers/lib/gcc/m4/drivers_cc32xx.a(UART2CC32XX.c.obj)
                0x20007538                UART2_open
 .text.UART2Support_disableRx
                0x20007788       0x24 C:/ti/simplelink_cc32xx_sdk_7_10_00_13/source\ti/drivers/lib/gcc/m4/drivers_cc32xx.a(UART2CC32XX.c.obj)
                0x20007788                UART2Support_disableRx
 .text.UART2Support_disableTx
                0x200077ac        0xc C:/ti/simplelink_cc32xx_sdk_7_10_00_13/source\ti/drivers/lib/gcc/m4/drivers_cc32xx.a(UART2CC32XX.c.obj)
                0x200077ac                UART2Support_disableTx
 .text.UART2Support_dmaStartTx
                0x200077b8       0xbc C:/ti/simplelink_cc32xx_sdk_7_10_00_13/source\ti/drivers/lib/gcc/m4/drivers_cc32xx.a(UART2CC32XX.c.obj)
                0x200077b8                UART2Support_dmaStartTx
 .text.UART2Support_dmaStopRx
                0x20007874       0x50 C:/ti/simplelink_cc32xx_sdk_7_10_00_13/source\ti/drivers/lib/gcc/m4/drivers_cc32xx.a(UART2CC32XX.c.obj)
                0x20007874                UART2Support_dmaStopRx
 .text.UART2Support_dmaStartRx
                0x200078c4       0xd4 C:/ti/simplelink_cc32xx_sdk_7_10_00_13/source\ti/drivers/lib/gcc/m4/drivers_cc32xx.a(UART2CC32XX.c.obj)
                0x200078c4                UART2Support_dmaStartRx
 .text.UART2Support_dmaStopTx
                0x20007998       0x64 C:/ti/simplelink_cc32xx_sdk_7_10_00_13/source\ti/drivers/lib/gcc/m4/drivers_cc32xx.a(UART2CC32XX.c.obj)
                0x20007998                UART2Support_dmaStopTx
 .text.UART2CC32XX_hwiIntFxn
                0x200079fc      0x2d0 C:/ti/simplelink_cc32xx_sdk_7_10_00_13/source\ti/drivers/lib/gcc/m4/drivers_cc32xx.a(UART2CC32XX.c.obj)
 .text.UART2Support_enableTx
                0x20007ccc        0xc C:/ti/simplelink_cc32xx_sdk_7_10_00_13/source\ti/drivers/lib/gcc/m4/drivers_cc32xx.a(UART2CC32XX.c.obj)
                0x20007ccc                UART2Support_enableTx
 .text.UART2Support_powerRelConstraint
                0x20007cd8        0x8 C:/ti/simplelink_cc32xx_sdk_7_10_00_13/source\ti/drivers/lib/gcc/m4/drivers_cc32xx.a(UART2CC32XX.c.obj)
                0x20007cd8                UART2Support_powerRelConstraint
 .text.UART2Support_sendData
                0x20007ce0       0x2c C:/ti/simplelink_cc32xx_sdk_7_10_00_13/source\ti/drivers/lib/gcc/m4/drivers_cc32xx.a(UART2CC32XX.c.obj)
                0x20007ce0                UART2Support_sendData
 .text.UART2Support_txDone
                0x20007d0c       0x10 C:/ti/simplelink_cc32xx_sdk_7_10_00_13/source\ti/drivers/lib/gcc/m4/drivers_cc32xx.a(UART2CC32XX.c.obj)
                0x20007d0c                UART2Support_txDone
 .text.List_put
                0x20007d1c       0x2c C:/ti/simplelink_cc32xx_sdk_7_10_00_13/source\ti/drivers/lib/gcc/m4/drivers_cc32xx.a(List.c.obj)
                0x20007d1c                List_put
 .text.List_remove
                0x20007d48       0x30 C:/ti/simplelink_cc32xx_sdk_7_10_00_13/source\ti/drivers/lib/gcc/m4/drivers_cc32xx.a(List.c.obj)
                0x20007d48                List_remove
 .text.RingBuf_construct
                0x20007d78       0x14 C:/ti/simplelink_cc32xx_sdk_7_10_00_13/source\ti/drivers/lib/gcc/m4/drivers_cc32xx.a(RingBuf.c.obj)
                0x20007d78                RingBuf_construct
 .text.RingBuf_getConsume
                0x20007d8c       0x30 C:/ti/simplelink_cc32xx_sdk_7_10_00_13/source\ti/drivers/lib/gcc/m4/drivers_cc32xx.a(RingBuf.c.obj)
                0x20007d8c                RingBuf_getConsume
 .text.RingBuf_getCount
                0x20007dbc        0x4 C:/ti/simplelink_cc32xx_sdk_7_10_00_13/source\ti/drivers/lib/gcc/m4/drivers_cc32xx.a(RingBuf.c.obj)
                0x20007dbc                RingBuf_getCount
 .text.RingBuf_getPointer
                0x20007dc0       0x28 C:/ti/simplelink_cc32xx_sdk_7_10_00_13/source\ti/drivers/lib/gcc/m4/drivers_cc32xx.a(RingBuf.c.obj)
                0x20007dc0                RingBuf_getPointer
 .text.RingBuf_put
                0x20007de8       0x48 C:/ti/simplelink_cc32xx_sdk_7_10_00_13/source\ti/drivers/lib/gcc/m4/drivers_cc32xx.a(RingBuf.c.obj)
                0x20007de8                RingBuf_put
 .text.RingBuf_putAdvance
                0x20007e30       0x3c C:/ti/simplelink_cc32xx_sdk_7_10_00_13/source\ti/drivers/lib/gcc/m4/drivers_cc32xx.a(RingBuf.c.obj)
                0x20007e30                RingBuf_putAdvance
 .text.RingBuf_putPointer
                0x20007e6c       0x34 C:/ti/simplelink_cc32xx_sdk_7_10_00_13/source\ti/drivers/lib/gcc/m4/drivers_cc32xx.a(RingBuf.c.obj)
                0x20007e6c                RingBuf_putPointer
 .text.postNotifyFxn
                0x20007ea0       0x14 C:/ti/simplelink_cc32xx_sdk_7_10_00_13/source\ti/drivers/lib/gcc/m4/drivers_cc32xx.a(UDMACC32XX.c.obj)
 .text.UDMACC32XX_close
                0x20007eb4       0x40 C:/ti/simplelink_cc32xx_sdk_7_10_00_13/source\ti/drivers/lib/gcc/m4/drivers_cc32xx.a(UDMACC32XX.c.obj)
                0x20007eb4                UDMACC32XX_close
 .text.UDMACC32XX_init
                0x20007ef4       0x40 C:/ti/simplelink_cc32xx_sdk_7_10_00_13/source\ti/drivers/lib/gcc/m4/drivers_cc32xx.a(UDMACC32XX.c.obj)
                0x20007ef4                UDMACC32XX_init
 .text.UDMACC32XX_open
                0x20007f34       0x70 C:/ti/simplelink_cc32xx_sdk_7_10_00_13/source\ti/drivers/lib/gcc/m4/drivers_cc32xx.a(UDMACC32XX.c.obj)
                0x20007f34                UDMACC32XX_open
 .text.NoRTOS_start
                0x20007fa4        0x4 C:/ti/simplelink_cc32xx_sdk_7_10_00_13/kernel/nortos\lib/gcc/m4/nortos_cc32xx.a(NoRTOS.c.obj)
                0x20007fa4                NoRTOS_start
 .text.clkFxn   0x20007fa8        0x4 C:/ti/simplelink_cc32xx_sdk_7_10_00_13/kernel/nortos\lib/gcc/m4/nortos_cc32xx.a(SemaphoreP_nortos.c.obj)
                0x20007fa8                clkFxn
 .text.SemaphoreP_constructBinary
                0x20007fac       0x3c C:/ti/simplelink_cc32xx_sdk_7_10_00_13/kernel/nortos\lib/gcc/m4/nortos_cc32xx.a(SemaphoreP_nortos.c.obj)
                0x20007fac                SemaphoreP_constructBinary
 .text.SemaphoreP_createBinary
                0x20007fe8       0x40 C:/ti/simplelink_cc32xx_sdk_7_10_00_13/kernel/nortos\lib/gcc/m4/nortos_cc32xx.a(SemaphoreP_nortos.c.obj)
                0x20007fe8                SemaphoreP_createBinary
 .text.SemaphoreP_destruct
                0x20008028        0x4 C:/ti/simplelink_cc32xx_sdk_7_10_00_13/kernel/nortos\lib/gcc/m4/nortos_cc32xx.a(SemaphoreP_nortos.c.obj)
                0x20008028                SemaphoreP_destruct
 .text.SemaphoreP_delete
                0x2000802c        0x4 C:/ti/simplelink_cc32xx_sdk_7_10_00_13/kernel/nortos\lib/gcc/m4/nortos_cc32xx.a(SemaphoreP_nortos.c.obj)
                0x2000802c                SemaphoreP_delete
 .text.SemaphoreP_pend
                0x20008030       0xfc C:/ti/simplelink_cc32xx_sdk_7_10_00_13/kernel/nortos\lib/gcc/m4/nortos_cc32xx.a(SemaphoreP_nortos.c.obj)
                0x20008030                SemaphoreP_pend
 .text.SemaphoreP_post
                0x2000812c       0x44 C:/ti/simplelink_cc32xx_sdk_7_10_00_13/kernel/nortos\lib/gcc/m4/nortos_cc32xx.a(SemaphoreP_nortos.c.obj)
                0x2000812c                SemaphoreP_post
 .text.ClockP_sysTickHandler
                0x20008170       0x7c C:/ti/simplelink_cc32xx_sdk_7_10_00_13/kernel/nortos\lib/gcc/m4/nortos_cc32xx.a(ClockPSysTick_nortos.c.obj)
                0x20008170                ClockP_sysTickHandler
 .text.ClockP_add
                0x200081ec       0x14 C:/ti/simplelink_cc32xx_sdk_7_10_00_13/kernel/nortos\lib/gcc/m4/nortos_cc32xx.a(ClockPSysTick_nortos.c.obj)
                0x200081ec                ClockP_add
 .text.ClockP_destruct
                0x20008200       0x44 C:/ti/simplelink_cc32xx_sdk_7_10_00_13/kernel/nortos\lib/gcc/m4/nortos_cc32xx.a(ClockPSysTick_nortos.c.obj)
                0x20008200                ClockP_destruct
 .text.ClockP_doTick
                0x20008244        0x4 C:/ti/simplelink_cc32xx_sdk_7_10_00_13/kernel/nortos\lib/gcc/m4/nortos_cc32xx.a(ClockPSysTick_nortos.c.obj)
                0x20008244                ClockP_doTick
 .text.ClockP_getCpuFreq
                0x20008248       0x10 C:/ti/simplelink_cc32xx_sdk_7_10_00_13/kernel/nortos\lib/gcc/m4/nortos_cc32xx.a(ClockPSysTick_nortos.c.obj)
                0x20008248                ClockP_getCpuFreq
 .text.ClockP_getSystemTicks
                0x20008258       0x70 C:/ti/simplelink_cc32xx_sdk_7_10_00_13/kernel/nortos\lib/gcc/m4/nortos_cc32xx.a(ClockPSysTick_nortos.c.obj)
                0x20008258                ClockP_getSystemTicks
 .text.ClockP_getTicksUntilInterrupt
                0x200082c8       0x40 C:/ti/simplelink_cc32xx_sdk_7_10_00_13/kernel/nortos\lib/gcc/m4/nortos_cc32xx.a(ClockPSysTick_nortos.c.obj)
                0x200082c8                ClockP_getTicksUntilInterrupt
 .text.ClockP_isActive
                0x20008308        0xc C:/ti/simplelink_cc32xx_sdk_7_10_00_13/kernel/nortos\lib/gcc/m4/nortos_cc32xx.a(ClockPSysTick_nortos.c.obj)
                0x20008308                ClockP_isActive
 .text.ClockP_setTicks
                0x20008314       0x10 C:/ti/simplelink_cc32xx_sdk_7_10_00_13/kernel/nortos\lib/gcc/m4/nortos_cc32xx.a(ClockPSysTick_nortos.c.obj)
                0x20008314                ClockP_setTicks
 .text.ClockP_start
                0x20008324       0xa8 C:/ti/simplelink_cc32xx_sdk_7_10_00_13/kernel/nortos\lib/gcc/m4/nortos_cc32xx.a(ClockPSysTick_nortos.c.obj)
                0x20008324                ClockP_start
 .text.ClockP_startup
                0x200083cc       0x68 C:/ti/simplelink_cc32xx_sdk_7_10_00_13/kernel/nortos\lib/gcc/m4/nortos_cc32xx.a(ClockPSysTick_nortos.c.obj)
                0x200083cc                ClockP_startup
 .text.HwiP_dispatch
                0x20008434       0x1c C:/ti/simplelink_cc32xx_sdk_7_10_00_13/kernel/nortos\lib/gcc/m4/nortos_cc32xx.a(HwiPCC32XX_nortos.c.obj)
                0x20008434                HwiP_dispatch
 .text.HwiP_enable
                0x20008450        0x4 C:/ti/simplelink_cc32xx_sdk_7_10_00_13/kernel/nortos\lib/gcc/m4/nortos_cc32xx.a(HwiPCC32XX_nortos.c.obj)
                0x20008450                HwiP_enable
 .text.HwiP_disable
                0x20008454        0x8 C:/ti/simplelink_cc32xx_sdk_7_10_00_13/kernel/nortos\lib/gcc/m4/nortos_cc32xx.a(HwiPCC32XX_nortos.c.obj)
                0x20008454                HwiP_disable
 .text.HwiP_restore
                0x2000845c        0x8 C:/ti/simplelink_cc32xx_sdk_7_10_00_13/kernel/nortos\lib/gcc/m4/nortos_cc32xx.a(HwiPCC32XX_nortos.c.obj)
                0x2000845c                HwiP_restore
 .text.HwiP_clearInterrupt
                0x20008464        0x4 C:/ti/simplelink_cc32xx_sdk_7_10_00_13/kernel/nortos\lib/gcc/m4/nortos_cc32xx.a(HwiPCC32XX_nortos.c.obj)
                0x20008464                HwiP_clearInterrupt
 .text.HwiP_destruct
                0x20008468       0x14 C:/ti/simplelink_cc32xx_sdk_7_10_00_13/kernel/nortos\lib/gcc/m4/nortos_cc32xx.a(HwiPCC32XX_nortos.c.obj)
                0x20008468                HwiP_destruct
 .text.HwiP_delete
                0x2000847c       0x1c C:/ti/simplelink_cc32xx_sdk_7_10_00_13/kernel/nortos\lib/gcc/m4/nortos_cc32xx.a(HwiPCC32XX_nortos.c.obj)
                0x2000847c                HwiP_delete
 .text.HwiP_disableInterrupt
                0x20008498        0x4 C:/ti/simplelink_cc32xx_sdk_7_10_00_13/kernel/nortos\lib/gcc/m4/nortos_cc32xx.a(HwiPCC32XX_nortos.c.obj)
                0x20008498                HwiP_disableInterrupt
 .text.HwiP_enableInterrupt
                0x2000849c        0x4 C:/ti/simplelink_cc32xx_sdk_7_10_00_13/kernel/nortos\lib/gcc/m4/nortos_cc32xx.a(HwiPCC32XX_nortos.c.obj)
                0x2000849c                HwiP_enableInterrupt
 .text.HwiP_interruptsEnabled
                0x200084a0       0x10 C:/ti/simplelink_cc32xx_sdk_7_10_00_13/kernel/nortos\lib/gcc/m4/nortos_cc32xx.a(HwiPCC32XX_nortos.c.obj)
                0x200084a0                HwiP_interruptsEnabled
 .text.HwiP_construct
                0x200084b0       0x8c C:/ti/simplelink_cc32xx_sdk_7_10_00_13/kernel/nortos\lib/gcc/m4/nortos_cc32xx.a(HwiPCC32XX_nortos.c.obj)
                0x200084b0                HwiP_construct
 .text.HwiP_create
                0x2000853c       0x90 C:/ti/simplelink_cc32xx_sdk_7_10_00_13/kernel/nortos\lib/gcc/m4/nortos_cc32xx.a(HwiPCC32XX_nortos.c.obj)
                0x2000853c                HwiP_create
 .text.HwiP_Params_init
                0x200085cc       0x14 C:/ti/simplelink_cc32xx_sdk_7_10_00_13/kernel/nortos\lib/gcc/m4/nortos_cc32xx.a(HwiPCC32XX_nortos.c.obj)
                0x200085cc                HwiP_Params_init
 .text.HwiP_post
                0x200085e0        0x4 C:/ti/simplelink_cc32xx_sdk_7_10_00_13/kernel/nortos\lib/gcc/m4/nortos_cc32xx.a(HwiPCC32XX_nortos.c.obj)
                0x200085e0                HwiP_post
 .text.HwiP_inISR
                0x200085e4       0x10 C:/ti/simplelink_cc32xx_sdk_7_10_00_13/kernel/nortos\lib/gcc/m4/nortos_cc32xx.a(HwiPCC32XX_nortos.c.obj)
                0x200085e4                HwiP_inISR
 .text.PowerCC32XX_initPolicy
                0x200085f4        0x4 C:/ti/simplelink_cc32xx_sdk_7_10_00_13/kernel/nortos\lib/gcc/m4/nortos_cc32xx.a(PowerCC32XX_nortos.c.obj)
                0x200085f4                PowerCC32XX_initPolicy
 .text.PowerCC32XX_sleepPolicy
                0x200085f8      0x220 C:/ti/simplelink_cc32xx_sdk_7_10_00_13/kernel/nortos\lib/gcc/m4/nortos_cc32xx.a(PowerCC32XX_nortos.c.obj)
                0x200085f8                PowerCC32XX_sleepPolicy
 .text.nmiISR   0x20008818        0x4 C:/ti/simplelink_cc32xx_sdk_7_10_00_13/kernel/nortos\lib/gcc/m4/nortos_cc32xx.a(startup_cc32xx_gcc.c.obj)
 .text.faultISR
                0x2000881c        0x4 C:/ti/simplelink_cc32xx_sdk_7_10_00_13/kernel/nortos\lib/gcc/m4/nortos_cc32xx.a(startup_cc32xx_gcc.c.obj)
 .text.busFaultHandler
                0x20008820        0x4 C:/ti/simplelink_cc32xx_sdk_7_10_00_13/kernel/nortos\lib/gcc/m4/nortos_cc32xx.a(startup_cc32xx_gcc.c.obj)
 .text.defaultHandler
                0x20008824        0x4 C:/ti/simplelink_cc32xx_sdk_7_10_00_13/kernel/nortos\lib/gcc/m4/nortos_cc32xx.a(startup_cc32xx_gcc.c.obj)
 .text.resetISR
                0x20008828       0x14 C:/ti/simplelink_cc32xx_sdk_7_10_00_13/kernel/nortos\lib/gcc/m4/nortos_cc32xx.a(startup_cc32xx_gcc.c.obj)
                0x20008828                resetISR
 .text.localProgramStart
                0x2000883c       0xc4 C:/ti/simplelink_cc32xx_sdk_7_10_00_13/kernel/nortos\lib/gcc/m4/nortos_cc32xx.a(startup_cc32xx_gcc.c.obj)
                0x2000883c                localProgramStart
 .text._fini    0x20008900        0x4 C:/ti/simplelink_cc32xx_sdk_7_10_00_13/kernel/nortos\lib/gcc/m4/nortos_cc32xx.a(startup_cc32xx_gcc.c.obj)
                0x20008900                _fini
 .text.SwiP_disable
                0x20008904       0x1c C:/ti/simplelink_cc32xx_sdk_7_10_00_13/kernel/nortos\lib/gcc/m4/nortos_cc32xx.a(SwiP_nortos.c.obj)
                0x20008904                SwiP_disable
 .text.SwiP_restore
                0x20008920       0x48 C:/ti/simplelink_cc32xx_sdk_7_10_00_13/kernel/nortos\lib/gcc/m4/nortos_cc32xx.a(SwiP_nortos.c.obj)
                0x20008920                SwiP_restore
 .text.CPUcpsid
                0x20008968       0x16 C:/ti/simplelink_cc32xx_sdk_7_10_00_13/source\ti/devices/cc32xx/driverlib/gcc/Release/driverlib.a(cpu.obj)
                0x20008968                CPUcpsid
 .text.CPUprimask
                0x2000897e        0xc C:/ti/simplelink_cc32xx_sdk_7_10_00_13/source\ti/devices/cc32xx/driverlib/gcc/Release/driverlib.a(cpu.obj)
                0x2000897e                CPUprimask
 .text.CPUcpsie
                0x2000898a       0x16 C:/ti/simplelink_cc32xx_sdk_7_10_00_13/source\ti/devices/cc32xx/driverlib/gcc/Release/driverlib.a(cpu.obj)
                0x2000898a                CPUcpsie
 .text.CPUwfi   0x200089a0        0xe C:/ti/simplelink_cc32xx_sdk_7_10_00_13/source\ti/devices/cc32xx/driverlib/gcc/Release/driverlib.a(cpu.obj)
                0x200089a0                CPUwfi
 .text.GPIODirModeSet
                0x200089ae       0x46 C:/ti/simplelink_cc32xx_sdk_7_10_00_13/source\ti/devices/cc32xx/driverlib/gcc/Release/driverlib.a(gpio.obj)
                0x200089ae                GPIODirModeSet
 .text.GPIOIntTypeSet
                0x200089f4       0xa2 C:/ti/simplelink_cc32xx_sdk_7_10_00_13/source\ti/devices/cc32xx/driverlib/gcc/Release/driverlib.a(gpio.obj)
                0x200089f4                GPIOIntTypeSet
 .text.GPIOIntEnable
                0x20008a96       0x2a C:/ti/simplelink_cc32xx_sdk_7_10_00_13/source\ti/devices/cc32xx/driverlib/gcc/Release/driverlib.a(gpio.obj)
                0x20008a96                GPIOIntEnable
 .text.GPIOIntDisable
                0x20008ac0       0x2a C:/ti/simplelink_cc32xx_sdk_7_10_00_13/source\ti/devices/cc32xx/driverlib/gcc/Release/driverlib.a(gpio.obj)
                0x20008ac0                GPIOIntDisable
 .text.GPIOIntStatus
                0x20008aea       0x2e C:/ti/simplelink_cc32xx_sdk_7_10_00_13/source\ti/devices/cc32xx/driverlib/gcc/Release/driverlib.a(gpio.obj)
                0x20008aea                GPIOIntStatus
 .text.GPIOIntClear
                0x20008b18       0x20 C:/ti/simplelink_cc32xx_sdk_7_10_00_13/source\ti/devices/cc32xx/driverlib/gcc/Release/driverlib.a(gpio.obj)
                0x20008b18                GPIOIntClear
 .text.GPIOPinWrite
                0x20008b38       0x2a C:/ti/simplelink_cc32xx_sdk_7_10_00_13/source\ti/devices/cc32xx/driverlib/gcc/Release/driverlib.a(gpio.obj)
                0x20008b38                GPIOPinWrite
 *fill*         0x20008b62        0x2 
 .text.I2CMasterInitExpClk
                0x20008b64       0x9c C:/ti/simplelink_cc32xx_sdk_7_10_00_13/source\ti/devices/cc32xx/driverlib/gcc/Release/driverlib.a(i2c.obj)
                0x20008b64                I2CMasterInitExpClk
 .text.I2CMasterEnable
                0x20008c00       0x22 C:/ti/simplelink_cc32xx_sdk_7_10_00_13/source\ti/devices/cc32xx/driverlib/gcc/Release/driverlib.a(i2c.obj)
                0x20008c00                I2CMasterEnable
 .text.I2CMasterDisable
                0x20008c22       0x22 C:/ti/simplelink_cc32xx_sdk_7_10_00_13/source\ti/devices/cc32xx/driverlib/gcc/Release/driverlib.a(i2c.obj)
                0x20008c22                I2CMasterDisable
 .text.I2CMasterIntEnableEx
                0x20008c44       0x26 C:/ti/simplelink_cc32xx_sdk_7_10_00_13/source\ti/devices/cc32xx/driverlib/gcc/Release/driverlib.a(i2c.obj)
                0x20008c44                I2CMasterIntEnableEx
 .text.I2CMasterIntDisableEx
                0x20008c6a       0x26 C:/ti/simplelink_cc32xx_sdk_7_10_00_13/source\ti/devices/cc32xx/driverlib/gcc/Release/driverlib.a(i2c.obj)
                0x20008c6a                I2CMasterIntDisableEx
 .text.I2CMasterIntStatusEx
                0x20008c90       0x2a C:/ti/simplelink_cc32xx_sdk_7_10_00_13/source\ti/devices/cc32xx/driverlib/gcc/Release/driverlib.a(i2c.obj)
                0x20008c90                I2CMasterIntStatusEx
 .text.I2CMasterIntClearEx
                0x20008cba       0x1e C:/ti/simplelink_cc32xx_sdk_7_10_00_13/source\ti/devices/cc32xx/driverlib/gcc/Release/driverlib.a(i2c.obj)
                0x20008cba                I2CMasterIntClearEx
 .text.I2CMasterSlaveAddrSet
                0x20008cd8       0x26 C:/ti/simplelink_cc32xx_sdk_7_10_00_13/source\ti/devices/cc32xx/driverlib/gcc/Release/driverlib.a(i2c.obj)
                0x20008cd8                I2CMasterSlaveAddrSet
 .text.I2CMasterBusBusy
                0x20008cfe       0x26 C:/ti/simplelink_cc32xx_sdk_7_10_00_13/source\ti/devices/cc32xx/driverlib/gcc/Release/driverlib.a(i2c.obj)
                0x20008cfe                I2CMasterBusBusy
 .text.I2CMasterControl
                0x20008d24       0x1e C:/ti/simplelink_cc32xx_sdk_7_10_00_13/source\ti/devices/cc32xx/driverlib/gcc/Release/driverlib.a(i2c.obj)
                0x20008d24                I2CMasterControl
 .text.I2CMasterTimeoutSet
                0x20008d42       0x1e C:/ti/simplelink_cc32xx_sdk_7_10_00_13/source\ti/devices/cc32xx/driverlib/gcc/Release/driverlib.a(i2c.obj)
                0x20008d42                I2CMasterTimeoutSet
 .text.I2CTxFIFOConfigSet
                0x20008d60       0x3e C:/ti/simplelink_cc32xx_sdk_7_10_00_13/source\ti/devices/cc32xx/driverlib/gcc/Release/driverlib.a(i2c.obj)
                0x20008d60                I2CTxFIFOConfigSet
 .text.I2CTxFIFOFlush
                0x20008d9e       0x26 C:/ti/simplelink_cc32xx_sdk_7_10_00_13/source\ti/devices/cc32xx/driverlib/gcc/Release/driverlib.a(i2c.obj)
                0x20008d9e                I2CTxFIFOFlush
 .text.I2CRxFIFOConfigSet
                0x20008dc4       0x3e C:/ti/simplelink_cc32xx_sdk_7_10_00_13/source\ti/devices/cc32xx/driverlib/gcc/Release/driverlib.a(i2c.obj)
                0x20008dc4                I2CRxFIFOConfigSet
 .text.I2CRxFIFOFlush
                0x20008e02       0x26 C:/ti/simplelink_cc32xx_sdk_7_10_00_13/source\ti/devices/cc32xx/driverlib/gcc/Release/driverlib.a(i2c.obj)
                0x20008e02                I2CRxFIFOFlush
 .text.I2CFIFOStatus
                0x20008e28       0x1a C:/ti/simplelink_cc32xx_sdk_7_10_00_13/source\ti/devices/cc32xx/driverlib/gcc/Release/driverlib.a(i2c.obj)
                0x20008e28                I2CFIFOStatus
 .text.I2CFIFODataPutNonBlocking
                0x20008e42       0x38 C:/ti/simplelink_cc32xx_sdk_7_10_00_13/source\ti/devices/cc32xx/driverlib/gcc/Release/driverlib.a(i2c.obj)
                0x20008e42                I2CFIFODataPutNonBlocking
 .text.I2CFIFODataGetNonBlocking
                0x20008e7a       0x38 C:/ti/simplelink_cc32xx_sdk_7_10_00_13/source\ti/devices/cc32xx/driverlib/gcc/Release/driverlib.a(i2c.obj)
                0x20008e7a                I2CFIFODataGetNonBlocking
 .text.I2CMasterBurstLengthSet
                0x20008eb2       0x20 C:/ti/simplelink_cc32xx_sdk_7_10_00_13/source\ti/devices/cc32xx/driverlib/gcc/Release/driverlib.a(i2c.obj)
                0x20008eb2                I2CMasterBurstLengthSet
 .text.IntDefaultHandler
                0x20008ed2        0x6 C:/ti/simplelink_cc32xx_sdk_7_10_00_13/source\ti/devices/cc32xx/driverlib/gcc/Release/driverlib.a(interrupt.obj)
 .text.IntMasterEnable
                0x20008ed8       0x10 C:/ti/simplelink_cc32xx_sdk_7_10_00_13/source\ti/devices/cc32xx/driverlib/gcc/Release/driverlib.a(interrupt.obj)
                0x20008ed8                IntMasterEnable
 .text.IntMasterDisable
                0x20008ee8       0x10 C:/ti/simplelink_cc32xx_sdk_7_10_00_13/source\ti/devices/cc32xx/driverlib/gcc/Release/driverlib.a(interrupt.obj)
                0x20008ee8                IntMasterDisable
 .text.IntVTableBaseSet
                0x20008ef8       0x1c C:/ti/simplelink_cc32xx_sdk_7_10_00_13/source\ti/devices/cc32xx/driverlib/gcc/Release/driverlib.a(interrupt.obj)
                0x20008ef8                IntVTableBaseSet
 .text.IntRegister
                0x20008f14       0x2c C:/ti/simplelink_cc32xx_sdk_7_10_00_13/source\ti/devices/cc32xx/driverlib/gcc/Release/driverlib.a(interrupt.obj)
                0x20008f14                IntRegister
 .text.IntUnregister
                0x20008f40       0x2c C:/ti/simplelink_cc32xx_sdk_7_10_00_13/source\ti/devices/cc32xx/driverlib/gcc/Release/driverlib.a(interrupt.obj)
                0x20008f40                IntUnregister
 .text.IntPrioritySet
                0x20008f6c       0x68 C:/ti/simplelink_cc32xx_sdk_7_10_00_13/source\ti/devices/cc32xx/driverlib/gcc/Release/driverlib.a(interrupt.obj)
                0x20008f6c                IntPrioritySet
 .text.IntEnable
                0x20008fd4       0xbc C:/ti/simplelink_cc32xx_sdk_7_10_00_13/source\ti/devices/cc32xx/driverlib/gcc/Release/driverlib.a(interrupt.obj)
                0x20008fd4                IntEnable
 .text.IntDisable
                0x20009090       0xbc C:/ti/simplelink_cc32xx_sdk_7_10_00_13/source\ti/devices/cc32xx/driverlib/gcc/Release/driverlib.a(interrupt.obj)
                0x20009090                IntDisable
 .text.IntPendSet
                0x2000914c       0x9c C:/ti/simplelink_cc32xx_sdk_7_10_00_13/source\ti/devices/cc32xx/driverlib/gcc/Release/driverlib.a(interrupt.obj)
                0x2000914c                IntPendSet
 .text.IntPendClear
                0x200091e8       0x68 C:/ti/simplelink_cc32xx_sdk_7_10_00_13/source\ti/devices/cc32xx/driverlib/gcc/Release/driverlib.a(interrupt.obj)
                0x200091e8                IntPendClear
 .text.PinModeSet
                0x20009250       0x48 C:/ti/simplelink_cc32xx_sdk_7_10_00_13/source\ti/devices/cc32xx/driverlib/gcc/Release/driverlib.a(pin.obj)
                0x20009250                PinModeSet
 .text.PinModeGet
                0x20009298       0x3c C:/ti/simplelink_cc32xx_sdk_7_10_00_13/source\ti/devices/cc32xx/driverlib/gcc/Release/driverlib.a(pin.obj)
                0x20009298                PinModeGet
 .text.PinDirModeSet
                0x200092d4       0x44 C:/ti/simplelink_cc32xx_sdk_7_10_00_13/source\ti/devices/cc32xx/driverlib/gcc/Release/driverlib.a(pin.obj)
                0x200092d4                PinDirModeSet
 .text.PinDirModeGet
                0x20009318       0x3c C:/ti/simplelink_cc32xx_sdk_7_10_00_13/source\ti/devices/cc32xx/driverlib/gcc/Release/driverlib.a(pin.obj)
                0x20009318                PinDirModeGet
 .text.PinConfigGet
                0x20009354       0x50 C:/ti/simplelink_cc32xx_sdk_7_10_00_13/source\ti/devices/cc32xx/driverlib/gcc/Release/driverlib.a(pin.obj)
                0x20009354                PinConfigGet
 .text.PinConfigSet
                0x200093a4       0x9c C:/ti/simplelink_cc32xx_sdk_7_10_00_13/source\ti/devices/cc32xx/driverlib/gcc/Release/driverlib.a(pin.obj)
                0x200093a4                PinConfigSet
 .text.PinTypeUART
                0x20009440       0x24 C:/ti/simplelink_cc32xx_sdk_7_10_00_13/source\ti/devices/cc32xx/driverlib/gcc/Release/driverlib.a(pin.obj)
                0x20009440                PinTypeUART
 .text.PinTypeI2C
                0x20009464       0x26 C:/ti/simplelink_cc32xx_sdk_7_10_00_13/source\ti/devices/cc32xx/driverlib/gcc/Release/driverlib.a(pin.obj)
                0x20009464                PinTypeI2C
 *fill*         0x2000948a        0x2 
 .text.PinLockLevelSet
                0x2000948c       0x68 C:/ti/simplelink_cc32xx_sdk_7_10_00_13/source\ti/devices/cc32xx/driverlib/gcc/Release/driverlib.a(pin.obj)
                0x2000948c                PinLockLevelSet
 .text.PinLock  0x200094f4       0x40 C:/ti/simplelink_cc32xx_sdk_7_10_00_13/source\ti/devices/cc32xx/driverlib/gcc/Release/driverlib.a(pin.obj)
                0x200094f4                PinLock
 .text.PinUnlock
                0x20009534       0x2c C:/ti/simplelink_cc32xx_sdk_7_10_00_13/source\ti/devices/cc32xx/driverlib/gcc/Release/driverlib.a(pin.obj)
                0x20009534                PinUnlock
 .text.PinToPadGet
                0x20009560       0x24 C:/ti/simplelink_cc32xx_sdk_7_10_00_13/source\ti/devices/cc32xx/driverlib/gcc/Release/driverlib.a(pin.obj)
                0x20009560                PinToPadGet
 .text.PRCMSysResetCauseGet
                0x20009584       0x78 C:/ti/simplelink_cc32xx_sdk_7_10_00_13/source\ti/devices/cc32xx/driverlib/gcc/Release/driverlib.a(prcm.obj)
                0x20009584                PRCMSysResetCauseGet
 .text.PRCMPeripheralClkEnable
                0x200095fc       0x6c C:/ti/simplelink_cc32xx_sdk_7_10_00_13/source\ti/devices/cc32xx/driverlib/gcc/Release/driverlib.a(prcm.obj)
                0x200095fc                PRCMPeripheralClkEnable
 .text.PRCMPeripheralClkDisable
                0x20009668       0x48 C:/ti/simplelink_cc32xx_sdk_7_10_00_13/source\ti/devices/cc32xx/driverlib/gcc/Release/driverlib.a(prcm.obj)
                0x20009668                PRCMPeripheralClkDisable
 .text.PRCMPeripheralReset
                0x200096b0       0x8c C:/ti/simplelink_cc32xx_sdk_7_10_00_13/source\ti/devices/cc32xx/driverlib/gcc/Release/driverlib.a(prcm.obj)
                0x200096b0                PRCMPeripheralReset
 .text.PRCMPeripheralStatusGet
                0x2000973c       0x40 C:/ti/simplelink_cc32xx_sdk_7_10_00_13/source\ti/devices/cc32xx/driverlib/gcc/Release/driverlib.a(prcm.obj)
                0x2000973c                PRCMPeripheralStatusGet
 .text.PRCMLPDSRestoreInfoSet
                0x2000977c       0x50 C:/ti/simplelink_cc32xx_sdk_7_10_00_13/source\ti/devices/cc32xx/driverlib/gcc/Release/driverlib.a(prcm.obj)
                0x2000977c                PRCMLPDSRestoreInfoSet
 .text.PRCMLPDSEnter
                0x200097cc       0x50 C:/ti/simplelink_cc32xx_sdk_7_10_00_13/source\ti/devices/cc32xx/driverlib/gcc/Release/driverlib.a(prcm.obj)
                0x200097cc                PRCMLPDSEnter
 .text.PRCMLPDSEnterKeepDebugIf
                0x2000981c       0x40 C:/ti/simplelink_cc32xx_sdk_7_10_00_13/source\ti/devices/cc32xx/driverlib/gcc/Release/driverlib.a(prcm.obj)
                0x2000981c                PRCMLPDSEnterKeepDebugIf
 .text.PRCMLPDSWakeupSourceEnable
                0x2000985c       0x30 C:/ti/simplelink_cc32xx_sdk_7_10_00_13/source\ti/devices/cc32xx/driverlib/gcc/Release/driverlib.a(prcm.obj)
                0x2000985c                PRCMLPDSWakeupSourceEnable
 .text.PRCMLPDSWakeupSourceDisable
                0x2000988c       0x24 C:/ti/simplelink_cc32xx_sdk_7_10_00_13/source\ti/devices/cc32xx/driverlib/gcc/Release/driverlib.a(prcm.obj)
                0x2000988c                PRCMLPDSWakeupSourceDisable
 .text.PRCMLPDSWakeupCauseGet
                0x200098b0       0x14 C:/ti/simplelink_cc32xx_sdk_7_10_00_13/source\ti/devices/cc32xx/driverlib/gcc/Release/driverlib.a(prcm.obj)
                0x200098b0                PRCMLPDSWakeupCauseGet
 .text.PRCMLPDSIntervalSet
                0x200098c4       0x34 C:/ti/simplelink_cc32xx_sdk_7_10_00_13/source\ti/devices/cc32xx/driverlib/gcc/Release/driverlib.a(prcm.obj)
                0x200098c4                PRCMLPDSIntervalSet
 .text.PRCMLPDSWakeUpGPIOSelect
                0x200098f8       0x2c C:/ti/simplelink_cc32xx_sdk_7_10_00_13/source\ti/devices/cc32xx/driverlib/gcc/Release/driverlib.a(prcm.obj)
                0x200098f8                PRCMLPDSWakeUpGPIOSelect
 .text.PRCMSleepEnter
                0x20009924        0xc C:/ti/simplelink_cc32xx_sdk_7_10_00_13/source\ti/devices/cc32xx/driverlib/gcc/Release/driverlib.a(prcm.obj)
                0x20009924                PRCMSleepEnter
 .text.PRCMSRAMRetentionEnable
                0x20009930       0x2c C:/ti/simplelink_cc32xx_sdk_7_10_00_13/source\ti/devices/cc32xx/driverlib/gcc/Release/driverlib.a(prcm.obj)
                0x20009930                PRCMSRAMRetentionEnable
 .text.PRCMHibernateWakeupSourceEnable
                0x2000995c       0x50 C:/ti/simplelink_cc32xx_sdk_7_10_00_13/source\ti/devices/cc32xx/driverlib/gcc/Release/driverlib.a(prcm.obj)
                0x2000995c                PRCMHibernateWakeupSourceEnable
 .text.PRCMHibernateWakeupSourceDisable
                0x200099ac       0x54 C:/ti/simplelink_cc32xx_sdk_7_10_00_13/source\ti/devices/cc32xx/driverlib/gcc/Release/driverlib.a(prcm.obj)
                0x200099ac                PRCMHibernateWakeupSourceDisable
 .text.PRCMHibernateWakeUpGPIOSelect
                0x20009a00       0x74 C:/ti/simplelink_cc32xx_sdk_7_10_00_13/source\ti/devices/cc32xx/driverlib/gcc/Release/driverlib.a(prcm.obj)
                0x20009a00                PRCMHibernateWakeUpGPIOSelect
 .text.PRCMSlowClkCtrFastGet
                0x20009a74       0x5c C:/ti/simplelink_cc32xx_sdk_7_10_00_13/source\ti/devices/cc32xx/driverlib/gcc/Release/driverlib.a(prcm.obj)
                0x20009a74                PRCMSlowClkCtrFastGet
 .text.PRCMIntEnable
                0x20009ad0       0x48 C:/ti/simplelink_cc32xx_sdk_7_10_00_13/source\ti/devices/cc32xx/driverlib/gcc/Release/driverlib.a(prcm.obj)
                0x20009ad0                PRCMIntEnable
 .text.PRCMCC3200MCUInit
                0x20009b18      0x478 C:/ti/simplelink_cc32xx_sdk_7_10_00_13/source\ti/devices/cc32xx/driverlib/gcc/Release/driverlib.a(prcm.obj)
                0x20009b18                PRCMCC3200MCUInit
 .text.PRCMHIBRegRead
                0x20009f90       0x20 C:/ti/simplelink_cc32xx_sdk_7_10_00_13/source\ti/devices/cc32xx/driverlib/gcc/Release/driverlib.a(prcm.obj)
                0x20009f90                PRCMHIBRegRead
 .text.PRCMHIBRegWrite
                0x20009fb0       0x20 C:/ti/simplelink_cc32xx_sdk_7_10_00_13/source\ti/devices/cc32xx/driverlib/gcc/Release/driverlib.a(prcm.obj)
                0x20009fb0                PRCMHIBRegWrite
 .text.SysTickEnable
                0x20009fd0       0x1c C:/ti/simplelink_cc32xx_sdk_7_10_00_13/source\ti/devices/cc32xx/driverlib/gcc/Release/driverlib.a(systick.obj)
                0x20009fd0                SysTickEnable
 .text.SysTickIntEnable
                0x20009fec       0x1c C:/ti/simplelink_cc32xx_sdk_7_10_00_13/source\ti/devices/cc32xx/driverlib/gcc/Release/driverlib.a(systick.obj)
                0x20009fec                SysTickIntEnable
 .text.SysTickIntDisable
                0x2000a008       0x1c C:/ti/simplelink_cc32xx_sdk_7_10_00_13/source\ti/devices/cc32xx/driverlib/gcc/Release/driverlib.a(systick.obj)
                0x2000a008                SysTickIntDisable
 .text.SysTickPeriodSet
                0x2000a024       0x20 C:/ti/simplelink_cc32xx_sdk_7_10_00_13/source\ti/devices/cc32xx/driverlib/gcc/Release/driverlib.a(systick.obj)
                0x2000a024                SysTickPeriodSet
 .text.TimerEnable
                0x2000a044       0x2a C:/ti/simplelink_cc32xx_sdk_7_10_00_13/source\ti/devices/cc32xx/driverlib/gcc/Release/driverlib.a(timer.obj)
                0x2000a044                TimerEnable
 .text.TimerDisable
                0x2000a06e       0x2c C:/ti/simplelink_cc32xx_sdk_7_10_00_13/source\ti/devices/cc32xx/driverlib/gcc/Release/driverlib.a(timer.obj)
                0x2000a06e                TimerDisable
 .text.TimerControlStall
                0x2000a09a       0x46 C:/ti/simplelink_cc32xx_sdk_7_10_00_13/source\ti/devices/cc32xx/driverlib/gcc/Release/driverlib.a(timer.obj)
                0x2000a09a                TimerControlStall
 .text.TimerPrescaleSet
                0x2000a0e0       0x3c C:/ti/simplelink_cc32xx_sdk_7_10_00_13/source\ti/devices/cc32xx/driverlib/gcc/Release/driverlib.a(timer.obj)
                0x2000a0e0                TimerPrescaleSet
 .text.TimerLoadSet
                0x2000a11c       0x3c C:/ti/simplelink_cc32xx_sdk_7_10_00_13/source\ti/devices/cc32xx/driverlib/gcc/Release/driverlib.a(timer.obj)
                0x2000a11c                TimerLoadSet
 .text.TimerIntEnable
                0x2000a158       0x26 C:/ti/simplelink_cc32xx_sdk_7_10_00_13/source\ti/devices/cc32xx/driverlib/gcc/Release/driverlib.a(timer.obj)
                0x2000a158                TimerIntEnable
 .text.TimerIntDisable
                0x2000a17e       0x26 C:/ti/simplelink_cc32xx_sdk_7_10_00_13/source\ti/devices/cc32xx/driverlib/gcc/Release/driverlib.a(timer.obj)
                0x2000a17e                TimerIntDisable
 .text.TimerIntClear
                0x2000a1a4       0x1e C:/ti/simplelink_cc32xx_sdk_7_10_00_13/source\ti/devices/cc32xx/driverlib/gcc/Release/driverlib.a(timer.obj)
                0x2000a1a4                TimerIntClear
 .text.UARTFIFOLevelSet
                0x2000a1c2       0x24 C:/ti/simplelink_cc32xx_sdk_7_10_00_13/source\ti/devices/cc32xx/driverlib/gcc/Release/driverlib.a(uart.obj)
                0x2000a1c2                UARTFIFOLevelSet
 .text.UARTConfigSetExpClk
                0x2000a1e6       0x92 C:/ti/simplelink_cc32xx_sdk_7_10_00_13/source\ti/devices/cc32xx/driverlib/gcc/Release/driverlib.a(uart.obj)
                0x2000a1e6                UARTConfigSetExpClk
 .text.UARTEnable
                0x2000a278       0x36 C:/ti/simplelink_cc32xx_sdk_7_10_00_13/source\ti/devices/cc32xx/driverlib/gcc/Release/driverlib.a(uart.obj)
                0x2000a278                UARTEnable
 .text.UARTDisable
                0x2000a2ae       0x46 C:/ti/simplelink_cc32xx_sdk_7_10_00_13/source\ti/devices/cc32xx/driverlib/gcc/Release/driverlib.a(uart.obj)
                0x2000a2ae                UARTDisable
 .text.UARTFlowControlSet
                0x2000a2f4       0x2a C:/ti/simplelink_cc32xx_sdk_7_10_00_13/source\ti/devices/cc32xx/driverlib/gcc/Release/driverlib.a(uart.obj)
                0x2000a2f4                UARTFlowControlSet
 .text.UARTCharsAvail
                0x2000a31e       0x26 C:/ti/simplelink_cc32xx_sdk_7_10_00_13/source\ti/devices/cc32xx/driverlib/gcc/Release/driverlib.a(uart.obj)
                0x2000a31e                UARTCharsAvail
 .text.UARTCharPutNonBlocking
                0x2000a344       0x30 C:/ti/simplelink_cc32xx_sdk_7_10_00_13/source\ti/devices/cc32xx/driverlib/gcc/Release/driverlib.a(uart.obj)
                0x2000a344                UARTCharPutNonBlocking
 .text.UARTBusy
                0x2000a374       0x26 C:/ti/simplelink_cc32xx_sdk_7_10_00_13/source\ti/devices/cc32xx/driverlib/gcc/Release/driverlib.a(uart.obj)
                0x2000a374                UARTBusy
 .text.UARTIntEnable
                0x2000a39a       0x26 C:/ti/simplelink_cc32xx_sdk_7_10_00_13/source\ti/devices/cc32xx/driverlib/gcc/Release/driverlib.a(uart.obj)
                0x2000a39a                UARTIntEnable
 .text.UARTIntDisable
                0x2000a3c0       0x26 C:/ti/simplelink_cc32xx_sdk_7_10_00_13/source\ti/devices/cc32xx/driverlib/gcc/Release/driverlib.a(uart.obj)
                0x2000a3c0                UARTIntDisable
 .text.UARTIntStatus
                0x2000a3e6       0x2a C:/ti/simplelink_cc32xx_sdk_7_10_00_13/source\ti/devices/cc32xx/driverlib/gcc/Release/driverlib.a(uart.obj)
                0x2000a3e6                UARTIntStatus
 .text.UARTIntClear
                0x2000a410       0x1e C:/ti/simplelink_cc32xx_sdk_7_10_00_13/source\ti/devices/cc32xx/driverlib/gcc/Release/driverlib.a(uart.obj)
                0x2000a410                UARTIntClear
 .text.UARTDMAEnable
                0x2000a42e       0x26 C:/ti/simplelink_cc32xx_sdk_7_10_00_13/source\ti/devices/cc32xx/driverlib/gcc/Release/driverlib.a(uart.obj)
                0x2000a42e                UARTDMAEnable
 .text.UARTDMADisable
                0x2000a454       0x26 C:/ti/simplelink_cc32xx_sdk_7_10_00_13/source\ti/devices/cc32xx/driverlib/gcc/Release/driverlib.a(uart.obj)
                0x2000a454                UARTDMADisable
 .text.UARTRxErrorGet
                0x2000a47a       0x1c C:/ti/simplelink_cc32xx_sdk_7_10_00_13/source\ti/devices/cc32xx/driverlib/gcc/Release/driverlib.a(uart.obj)
                0x2000a47a                UARTRxErrorGet
 *fill*         0x2000a496        0x2 
 .text.uDMAEnable
                0x2000a498       0x18 C:/ti/simplelink_cc32xx_sdk_7_10_00_13/source\ti/devices/cc32xx/driverlib/gcc/Release/driverlib.a(udma.obj)
                0x2000a498                uDMAEnable
 .text.uDMAErrorStatusGet
                0x2000a4b0       0x14 C:/ti/simplelink_cc32xx_sdk_7_10_00_13/source\ti/devices/cc32xx/driverlib/gcc/Release/driverlib.a(udma.obj)
                0x2000a4b0                uDMAErrorStatusGet
 .text.uDMAErrorStatusClear
                0x2000a4c4       0x18 C:/ti/simplelink_cc32xx_sdk_7_10_00_13/source\ti/devices/cc32xx/driverlib/gcc/Release/driverlib.a(udma.obj)
                0x2000a4c4                uDMAErrorStatusClear
 .text.uDMAChannelEnable
                0x2000a4dc       0x24 C:/ti/simplelink_cc32xx_sdk_7_10_00_13/source\ti/devices/cc32xx/driverlib/gcc/Release/driverlib.a(udma.obj)
                0x2000a4dc                uDMAChannelEnable
 .text.uDMAChannelDisable
                0x2000a500       0x24 C:/ti/simplelink_cc32xx_sdk_7_10_00_13/source\ti/devices/cc32xx/driverlib/gcc/Release/driverlib.a(udma.obj)
                0x2000a500                uDMAChannelDisable
 .text.uDMAChannelIsEnabled
                0x2000a524       0x34 C:/ti/simplelink_cc32xx_sdk_7_10_00_13/source\ti/devices/cc32xx/driverlib/gcc/Release/driverlib.a(udma.obj)
                0x2000a524                uDMAChannelIsEnabled
 .text.uDMAControlBaseSet
                0x2000a558       0x1c C:/ti/simplelink_cc32xx_sdk_7_10_00_13/source\ti/devices/cc32xx/driverlib/gcc/Release/driverlib.a(udma.obj)
                0x2000a558                uDMAControlBaseSet
 .text.uDMAChannelAttributeDisable
                0x2000a574       0x7c C:/ti/simplelink_cc32xx_sdk_7_10_00_13/source\ti/devices/cc32xx/driverlib/gcc/Release/driverlib.a(udma.obj)
                0x2000a574                uDMAChannelAttributeDisable
 .text.uDMAChannelControlSet
                0x2000a5f0       0x48 C:/ti/simplelink_cc32xx_sdk_7_10_00_13/source\ti/devices/cc32xx/driverlib/gcc/Release/driverlib.a(udma.obj)
                0x2000a5f0                uDMAChannelControlSet
 .text.uDMAChannelTransferSet
                0x2000a638      0x104 C:/ti/simplelink_cc32xx_sdk_7_10_00_13/source\ti/devices/cc32xx/driverlib/gcc/Release/driverlib.a(udma.obj)
                0x2000a638                uDMAChannelTransferSet
 .text.uDMAChannelSizeGet
                0x2000a73c       0x48 C:/ti/simplelink_cc32xx_sdk_7_10_00_13/source\ti/devices/cc32xx/driverlib/gcc/Release/driverlib.a(udma.obj)
                0x2000a73c                uDMAChannelSizeGet
 .text.uDMAIntClear
                0x2000a784       0x1c C:/ti/simplelink_cc32xx_sdk_7_10_00_13/source\ti/devices/cc32xx/driverlib/gcc/Release/driverlib.a(udma.obj)
                0x2000a784                uDMAIntClear
 .text.uDMAChannelAssign
                0x2000a7a0       0x58 C:/ti/simplelink_cc32xx_sdk_7_10_00_13/source\ti/devices/cc32xx/driverlib/gcc/Release/driverlib.a(udma.obj)
                0x2000a7a0                uDMAChannelAssign
 .text.UtilsDelay
                0x2000a7f8        0xa C:/ti/simplelink_cc32xx_sdk_7_10_00_13/source\ti/devices/cc32xx/driverlib/gcc/Release/driverlib.a(utils.obj)
                0x2000a7f8                UtilsDelay
 *fill*         0x2000a802        0x2 
 .text.FlashDisable
                0x2000a804       0x50 C:/ti/simplelink_cc32xx_sdk_7_10_00_13/source\ti/devices/cc32xx/driverlib/gcc/Release/driverlib.a(flash.obj)
                0x2000a804                FlashDisable
 .text.malloc   0x2000a854       0x10 C:/ti/ccs1281/ccs/tools/compiler/gcc-arm-none-eabi-9-2019-q4-major/arm-none-eabi/lib/thumb/v7e-m/nofp\libc_nano.a(lib_a-malloc.o)
                0x2000a854                malloc
 .text.free     0x2000a864       0x10 C:/ti/ccs1281/ccs/tools/compiler/gcc-arm-none-eabi-9-2019-q4-major/arm-none-eabi/lib/thumb/v7e-m/nofp\libc_nano.a(lib_a-malloc.o)
                0x2000a864                free
 .text.memcpy   0x2000a874       0x1c C:/ti/ccs1281/ccs/tools/compiler/gcc-arm-none-eabi-9-2019-q4-major/arm-none-eabi/lib/thumb/v7e-m/nofp\libc_nano.a(lib_a-memcpy-stub.o)
                0x2000a874                memcpy
 .text.memset   0x2000a890       0x10 C:/ti/ccs1281/ccs/tools/compiler/gcc-arm-none-eabi-9-2019-q4-major/arm-none-eabi/lib/thumb/v7e-m/nofp\libc_nano.a(lib_a-memset.o)
                0x2000a890                memset
 .text._free_r  0x2000a8a0       0x9c C:/ti/ccs1281/ccs/tools/compiler/gcc-arm-none-eabi-9-2019-q4-major/arm-none-eabi/lib/thumb/v7e-m/nofp\libc_nano.a(lib_a-nano-freer.o)
                0x2000a8a0                _free_r
 .text._malloc_r
                0x2000a93c       0xb4 C:/ti/ccs1281/ccs/tools/compiler/gcc-arm-none-eabi-9-2019-q4-major/arm-none-eabi/lib/thumb/v7e-m/nofp\libc_nano.a(lib_a-nano-mallocr.o)
                0x2000a93c                _malloc_r
 .text._sbrk_r  0x2000a9f0       0x20 C:/ti/ccs1281/ccs/tools/compiler/gcc-arm-none-eabi-9-2019-q4-major/arm-none-eabi/lib/thumb/v7e-m/nofp\libc_nano.a(lib_a-sbrkr.o)
                0x2000a9f0                _sbrk_r
 .text.snprintf
                0x2000aa10       0x68 C:/ti/ccs1281/ccs/tools/compiler/gcc-arm-none-eabi-9-2019-q4-major/arm-none-eabi/lib/thumb/v7e-m/nofp\libc_nano.a(lib_a-snprintf.o)
                0x2000aa10                sniprintf
                0x2000aa10                snprintf
 .text.__malloc_lock
                0x2000aa78        0xc C:/ti/ccs1281/ccs/tools/compiler/gcc-arm-none-eabi-9-2019-q4-major/arm-none-eabi/lib/thumb/v7e-m/nofp\libc_nano.a(lib_a-mlock.o)
                0x2000aa78                __malloc_lock
 .text.__malloc_unlock
                0x2000aa84        0xc C:/ti/ccs1281/ccs/tools/compiler/gcc-arm-none-eabi-9-2019-q4-major/arm-none-eabi/lib/thumb/v7e-m/nofp\libc_nano.a(lib_a-mlock.o)
                0x2000aa84                __malloc_unlock
 .text.__ssputs_r
                0x2000aa90       0xb6 C:/ti/ccs1281/ccs/tools/compiler/gcc-arm-none-eabi-9-2019-q4-major/arm-none-eabi/lib/thumb/v7e-m/nofp\libc_nano.a(lib_a-nano-svfprintf.o)
                0x2000aa90                __ssputs_r
 *fill*         0x2000ab46        0x2 
 .text._svfprintf_r
                0x2000ab48      0x200 C:/ti/ccs1281/ccs/tools/compiler/gcc-arm-none-eabi-9-2019-q4-major/arm-none-eabi/lib/thumb/v7e-m/nofp\libc_nano.a(lib_a-nano-svfprintf.o)
                0x2000ab48                _svfiprintf_r
                0x2000ab48                _svfprintf_r
 .text._printf_common
                0x2000ad48       0xda C:/ti/ccs1281/ccs/tools/compiler/gcc-arm-none-eabi-9-2019-q4-major/arm-none-eabi/lib/thumb/v7e-m/nofp\libc_nano.a(lib_a-nano-vfprintf_i.o)
                0x2000ad48                _printf_common
 *fill*         0x2000ae22        0x2 
 .text._printf_i
                0x2000ae24      0x24c C:/ti/ccs1281/ccs/tools/compiler/gcc-arm-none-eabi-9-2019-q4-major/arm-none-eabi/lib/thumb/v7e-m/nofp\libc_nano.a(lib_a-nano-vfprintf_i.o)
                0x2000ae24                _printf_i
 .text.__retarget_lock_acquire_recursive
                0x2000b070        0x2 C:/ti/ccs1281/ccs/tools/compiler/gcc-arm-none-eabi-9-2019-q4-major/arm-none-eabi/lib/thumb/v7e-m/nofp\libc_nano.a(lib_a-lock.o)
                0x2000b070                __retarget_lock_acquire_recursive
 .text.__retarget_lock_release_recursive
                0x2000b072        0x2 C:/ti/ccs1281/ccs/tools/compiler/gcc-arm-none-eabi-9-2019-q4-major/arm-none-eabi/lib/thumb/v7e-m/nofp\libc_nano.a(lib_a-lock.o)
                0x2000b072                __retarget_lock_release_recursive
 .text.memmove  0x2000b074       0x34 C:/ti/ccs1281/ccs/tools/compiler/gcc-arm-none-eabi-9-2019-q4-major/arm-none-eabi/lib/thumb/v7e-m/nofp\libc_nano.a(lib_a-memmove.o)
                0x2000b074                memmove
 .text._realloc_r
                0x2000b0a8       0x4c C:/ti/ccs1281/ccs/tools/compiler/gcc-arm-none-eabi-9-2019-q4-major/arm-none-eabi/lib/thumb/v7e-m/nofp\libc_nano.a(lib_a-nano-reallocr.o)
                0x2000b0a8                _realloc_r
 .text._malloc_usable_size_r
                0x2000b0f4       0x10 C:/ti/ccs1281/ccs/tools/compiler/gcc-arm-none-eabi-9-2019-q4-major/arm-none-eabi/lib/thumb/v7e-m/nofp\libc_nano.a(lib_a-nano-msizer.o)
                0x2000b0f4                _malloc_usable_size_r
 .text._sbrk    0x2000b104       0x1c C:/ti/ccs1281/ccs/tools/compiler/gcc-arm-none-eabi-9-2019-q4-major/arm-none-eabi/lib/thumb/v7e-m/nofp\libnosys.a(sbrk.o)
                0x2000b104                _sbrk
                0x2000b120                . = ALIGN (0x4)
 *(.ctors)
                0x2000b120                . = ALIGN (0x4)
 *(.dtors)
                0x2000b120                . = ALIGN (0x4)
                0x2000b120                __init_array_start = .
 *(.init_array*)
                0x2000b120                __init_array_end = .
 *(.init)
 *(.fini*)
                [!provide]                PROVIDE (__etext = .)
                [!provide]                PROVIDE (_etext = .)
                [!provide]                PROVIDE (etext = .)

.glue_7         0x2000b120        0x0
 .glue_7        0x2000b120        0x0 linker stubs

.glue_7t        0x2000b120        0x0
 .glue_7t       0x2000b120        0x0 linker stubs

.vfp11_veneer   0x2000b120        0x0
 .vfp11_veneer  0x2000b120        0x0 linker stubs

.v4_bx          0x2000b120        0x0
 .v4_bx         0x2000b120        0x0 linker stubs

.iplt           0x2000b120        0x0
 .iplt          0x2000b120        0x0 ./gpiointerrupt.o

.rodata         0x2000b120      0x62b
 *(.rodata)
 .rodata        0x2000b120       0x30 ./gpiointerrupt.o
 *(.rodata*)
 .rodata.setHeatMode.str1.4
                0x2000b150       0x16 ./gpiointerrupt.o
 *fill*         0x2000b166        0x2 
 .rodata.getAmbientTemperature.str1.4
                0x2000b168       0x70 ./gpiointerrupt.o
 .rodata.I2CStart.str1.4
                0x2000b1d8       0xaa ./gpiointerrupt.o
 *fill*         0x2000b282        0x2 
 .rodata.str1.4
                0x2000b284        0xc ./gpiointerrupt.o
 .rodata.sensors
                0x2000b290       0x18 ./gpiointerrupt.o
 .rodata.GPIO_config
                0x2000b2a8       0x10 ./syscfg/ti_drivers_config.o
                0x2000b2a8                GPIO_config
 .rodata.GPIO_pinUpperBound
                0x2000b2b8        0x1 ./syscfg/ti_drivers_config.o
                0x2000b2b8                GPIO_pinUpperBound
 *fill*         0x2000b2b9        0x3 
 .rodata.I2C_config
                0x2000b2bc        0x8 ./syscfg/ti_drivers_config.o
                0x2000b2bc                I2C_config
 .rodata.I2C_count
                0x2000b2c4        0x1 ./syscfg/ti_drivers_config.o
                0x2000b2c4                I2C_count
 *fill*         0x2000b2c5        0x3 
 .rodata.PowerCC32XX_config
                0x2000b2c8       0x44 ./syscfg/ti_drivers_config.o
                0x2000b2c8                PowerCC32XX_config
 .rodata.Timer_config
                0x2000b30c        0x8 ./syscfg/ti_drivers_config.o
                0x2000b30c                Timer_config
 .rodata.Timer_count
                0x2000b314        0x1 ./syscfg/ti_drivers_config.o
                0x2000b314                Timer_count
 *fill*         0x2000b315        0x3 
 .rodata.UART2_config
                0x2000b318        0x8 ./syscfg/ti_drivers_config.o
                0x2000b318                UART2_config
 .rodata.UART2_count
                0x2000b320        0x1 ./syscfg/ti_drivers_config.o
                0x2000b320                UART2_count
 *fill*         0x2000b321        0x3 
 .rodata.UDMACC32XX_config
                0x2000b324        0x8 ./syscfg/ti_drivers_config.o
                0x2000b324                UDMACC32XX_config
 .rodata.i2cCC32XXHWAttrs
                0x2000b32c       0x14 ./syscfg/ti_drivers_config.o
                0x2000b32c                i2cCC32XXHWAttrs
 .rodata.timerCC32XXHWAttrs
                0x2000b340       0x10 ./syscfg/ti_drivers_config.o
                0x2000b340                timerCC32XXHWAttrs
 .rodata.uart2CC32XXHWAttrs0
                0x2000b350       0x38 ./syscfg/ti_drivers_config.o
 .rodata.udmaCC3220SHWAttrs
                0x2000b388        0xc ./syscfg/ti_drivers_config.o
                0x2000b388                udmaCC3220SHWAttrs
 .rodata.pinTable
                0x2000b394       0x21 C:/ti/simplelink_cc32xx_sdk_7_10_00_13/source\ti/drivers/lib/gcc/m4/drivers_cc32xx.a(GPIOCC32XX.c.obj)
 *fill*         0x2000b3b5        0x3 
 .rodata.portConfigs
                0x2000b3b8       0x28 C:/ti/simplelink_cc32xx_sdk_7_10_00_13/source\ti/drivers/lib/gcc/m4/drivers_cc32xx.a(GPIOCC32XX.c.obj)
 .rodata.I2C_defaultParams
                0x2000b3e0       0x10 C:/ti/simplelink_cc32xx_sdk_7_10_00_13/source\ti/drivers/lib/gcc/m4/drivers_cc32xx.a(I2CCC32XX.c.obj)
 .rodata.defaultParams
                0x2000b3f0        0xc C:/ti/simplelink_cc32xx_sdk_7_10_00_13/source\ti/drivers/lib/gcc/m4/drivers_cc32xx.a(Timer.c.obj)
 .rodata.defaultParams
                0x2000b3fc        0xc C:/ti/simplelink_cc32xx_sdk_7_10_00_13/source\ti/drivers/lib/gcc/m4/drivers_cc32xx.a(TimerCC32XX.c.obj)
 .rodata.UART2_defaultParams
                0x2000b408       0x24 C:/ti/simplelink_cc32xx_sdk_7_10_00_13/source\ti/drivers/lib/gcc/m4/drivers_cc32xx.a(UART2.c.obj)
                0x2000b408                UART2_defaultParams
 .rodata.dataLength
                0x2000b42c        0x4 C:/ti/simplelink_cc32xx_sdk_7_10_00_13/source\ti/drivers/lib/gcc/m4/drivers_cc32xx.a(UART2CC32XX.c.obj)
 .rodata.parityType
                0x2000b430        0x5 C:/ti/simplelink_cc32xx_sdk_7_10_00_13/source\ti/drivers/lib/gcc/m4/drivers_cc32xx.a(UART2CC32XX.c.obj)
 *fill*         0x2000b435        0x3 
 .rodata.stopBits
                0x2000b438        0x2 C:/ti/simplelink_cc32xx_sdk_7_10_00_13/source\ti/drivers/lib/gcc/m4/drivers_cc32xx.a(UART2CC32XX.c.obj)
 *fill*         0x2000b43a        0x2 
 .rodata.g_pulRegs
                0x2000b43c       0xd4 C:/ti/simplelink_cc32xx_sdk_7_10_00_13/source\ti/devices/cc32xx/driverlib/gcc/Release/driverlib.a(interrupt.obj)
 .rodata.g_pulEnRegs
                0x2000b510       0x18 C:/ti/simplelink_cc32xx_sdk_7_10_00_13/source\ti/devices/cc32xx/driverlib/gcc/Release/driverlib.a(interrupt.obj)
 .rodata.g_pulDisRegs
                0x2000b528       0x18 C:/ti/simplelink_cc32xx_sdk_7_10_00_13/source\ti/devices/cc32xx/driverlib/gcc/Release/driverlib.a(interrupt.obj)
 .rodata.g_pulPendRegs
                0x2000b540       0x18 C:/ti/simplelink_cc32xx_sdk_7_10_00_13/source\ti/devices/cc32xx/driverlib/gcc/Release/driverlib.a(interrupt.obj)
 .rodata.g_pulUnpendRegs
                0x2000b558       0x18 C:/ti/simplelink_cc32xx_sdk_7_10_00_13/source\ti/devices/cc32xx/driverlib/gcc/Release/driverlib.a(interrupt.obj)
 .rodata.g_ulPinToPadMap
                0x2000b570      0x100 C:/ti/simplelink_cc32xx_sdk_7_10_00_13/source\ti/devices/cc32xx/driverlib/gcc/Release/driverlib.a(pin.obj)
 .rodata.PRCM_PeriphRegsList
                0x2000b670       0xa8 C:/ti/simplelink_cc32xx_sdk_7_10_00_13/source\ti/devices/cc32xx/driverlib/gcc/Release/driverlib.a(prcm.obj)
 .rodata._svfprintf_r.str1.1
                0x2000b718       0x11 C:/ti/ccs1281/ccs/tools/compiler/gcc-arm-none-eabi-9-2019-q4-major/arm-none-eabi/lib/thumb/v7e-m/nofp\libc_nano.a(lib_a-nano-svfprintf.o)
 .rodata._printf_i.str1.1
                0x2000b729       0x22 C:/ti/ccs1281/ccs/tools/compiler/gcc-arm-none-eabi-9-2019-q4-major/arm-none-eabi/lib/thumb/v7e-m/nofp\libc_nano.a(lib_a-nano-vfprintf_i.o)

.data           0x2000b74c      0x360
                0x2000b74c                __data_load__ = LOADADDR (.data)
                0x2000b74c                __data_start__ = .
 *(.data)
 *(.data*)
 .data.setPoint
                0x2000b74c        0x2 ./gpiointerrupt.o
                0x2000b74c                setPoint
 *fill*         0x2000b74e        0x2 
 .data.gpioPinConfigs
                0x2000b750       0x84 ./syscfg/ti_drivers_config.o
                0x2000b750                gpioPinConfigs
 .data.parkInfo
                0x2000b7d4       0xf8 ./syscfg/ti_drivers_config.o
                0x2000b7d4                parkInfo
 .data.PowerCC32XX_module
                0x2000b8cc      0x16c C:/ti/simplelink_cc32xx_sdk_7_10_00_13/source\ti/drivers/lib/gcc/m4/drivers_cc32xx.a(PowerCC32XX.c.obj)
                0x2000b8cc                PowerCC32XX_module
 .data.SemaphoreP_defaultParams
                0x2000ba38        0x8 C:/ti/simplelink_cc32xx_sdk_7_10_00_13/kernel/nortos\lib/gcc/m4/nortos_cc32xx.a(SemaphoreP_nortos.c.obj)
                0x2000ba38                SemaphoreP_defaultParams
 .data.ClockP_tickPeriod
                0x2000ba40        0x4 C:/ti/simplelink_cc32xx_sdk_7_10_00_13/kernel/nortos\lib/gcc/m4/nortos_cc32xx.a(ClockPSysTick_nortos.c.obj)
                0x2000ba40                ClockP_tickPeriod
 .data.HwiP_swiPIntNum
                0x2000ba44        0x4 C:/ti/simplelink_cc32xx_sdk_7_10_00_13/kernel/nortos\lib/gcc/m4/nortos_cc32xx.a(HwiPCC32XX_nortos.c.obj)
                0x2000ba44                HwiP_swiPIntNum
 .data._impure_ptr
                0x2000ba48        0x4 C:/ti/ccs1281/ccs/tools/compiler/gcc-arm-none-eabi-9-2019-q4-major/arm-none-eabi/lib/thumb/v7e-m/nofp\libc_nano.a(lib_a-impure.o)
                0x2000ba48                _impure_ptr
 .data.impure_data
                0x2000ba4c       0x60 C:/ti/ccs1281/ccs/tools/compiler/gcc-arm-none-eabi-9-2019-q4-major/arm-none-eabi/lib/thumb/v7e-m/nofp\libc_nano.a(lib_a-impure.o)
                0x2000baac                . = ALIGN (0x4)
                0x2000baac                __data_end__ = .

.igot.plt       0x2000baac        0x0
 .igot.plt      0x2000baac        0x0 ./gpiointerrupt.o

.ARM.exidx      0x2000baac        0x8
                0x2000baac                __exidx_start = .
 *(.ARM.exidx* .gnu.linkonce.armexidx.*)
 .ARM.exidx     0x2000baac        0x8 c:/ti/ccs1281/ccs/tools/compiler/gcc-arm-none-eabi-9-2019-q4-major/bin/../lib/gcc/arm-none-eabi/9.2.1/thumb/v7e-m/nofp\libgcc.a(_udivmoddi4.o)
                0x2000bab4                __exidx_end = .

.rel.dyn        0x2000bab4        0x0
 .rel.iplt      0x2000bab4        0x0 ./gpiointerrupt.o

.ARM.extab
 *(.ARM.extab* .gnu.linkonce.armextab.*)

.bss            0x2000bc00     0x1178
                0x2000bc00                __bss_start__ = .
 *(.shbss)
 *(.bss)
 *(.bss.*)
 .bss.TimerFlag
                0x2000bc00        0x1 ./gpiointerrupt.o
                0x2000bc00                TimerFlag
 *fill*         0x2000bc01        0x1 
 .bss.ambientTemperature
                0x2000bc02        0x2 ./gpiointerrupt.o
                0x2000bc02                ambientTemperature
 .bss.seconds   0x2000bc04        0x4 ./gpiointerrupt.o
                0x2000bc04                seconds
 .bss.status    0x2000bc08        0x4 ./gpiointerrupt.o
                0x2000bc08                status
 *fill*         0x2000bc0c      0x3f4 
 .bss.dmaControlTable
                0x2000c000      0x400 ./syscfg/ti_drivers_config.o
 .bss.uart2RxRingBuffer0
                0x2000c400       0x20 ./syscfg/ti_drivers_config.o
 .bss.uart2TxRingBuffer0
                0x2000c420       0x20 ./syscfg/ti_drivers_config.o
 .bss.initCalled
                0x2000c440        0x1 C:/ti/simplelink_cc32xx_sdk_7_10_00_13/source\ti/drivers/lib/gcc/m4/drivers_cc32xx.a(GPIOCC32XX.c.obj)
 *fill*         0x2000c441        0x3 
 .bss.initSem.4818
                0x2000c444        0x4 C:/ti/simplelink_cc32xx_sdk_7_10_00_13/source\ti/drivers/lib/gcc/m4/drivers_cc32xx.a(GPIOCC32XX.c.obj)
 .bss.portHwiCreatedBitMask
                0x2000c448        0x1 C:/ti/simplelink_cc32xx_sdk_7_10_00_13/source\ti/drivers/lib/gcc/m4/drivers_cc32xx.a(GPIOCC32XX.c.obj)
 *fill*         0x2000c449        0x3 
 .bss.powerNotifyObj
                0x2000c44c       0x14 C:/ti/simplelink_cc32xx_sdk_7_10_00_13/source\ti/drivers/lib/gcc/m4/drivers_cc32xx.a(GPIOCC32XX.c.obj)
 .bss.timerState
                0x2000c460        0x4 C:/ti/simplelink_cc32xx_sdk_7_10_00_13/source\ti/drivers/lib/gcc/m4/drivers_cc32xx.a(TimerCC32XX.c.obj)
 .bss.dmaInitialized
                0x2000c464        0x1 C:/ti/simplelink_cc32xx_sdk_7_10_00_13/source\ti/drivers/lib/gcc/m4/drivers_cc32xx.a(UDMACC32XX.c.obj)
 *fill*         0x2000c465        0x3 
 .bss.postNotifyObj
                0x2000c468       0x14 C:/ti/simplelink_cc32xx_sdk_7_10_00_13/source\ti/drivers/lib/gcc/m4/drivers_cc32xx.a(UDMACC32XX.c.obj)
 .bss.refCount  0x2000c47c        0x4 C:/ti/simplelink_cc32xx_sdk_7_10_00_13/source\ti/drivers/lib/gcc/m4/drivers_cc32xx.a(UDMACC32XX.c.obj)
 .bss.SemaphoreP_initialized
                0x2000c480        0x1 C:/ti/simplelink_cc32xx_sdk_7_10_00_13/kernel/nortos\lib/gcc/m4/nortos_cc32xx.a(SemaphoreP_nortos.c.obj)
 .bss.doEnablePolicy
                0x2000c481        0x1 C:/ti/simplelink_cc32xx_sdk_7_10_00_13/kernel/nortos\lib/gcc/m4/nortos_cc32xx.a(SemaphoreP_nortos.c.obj)
 .bss.pendInProgress
                0x2000c482        0x1 C:/ti/simplelink_cc32xx_sdk_7_10_00_13/kernel/nortos\lib/gcc/m4/nortos_cc32xx.a(SemaphoreP_nortos.c.obj)
 .bss.ClockP_initialized
                0x2000c483        0x1 C:/ti/simplelink_cc32xx_sdk_7_10_00_13/kernel/nortos\lib/gcc/m4/nortos_cc32xx.a(ClockPSysTick_nortos.c.obj)
 .bss.sysTickPeriod
                0x2000c484        0x4 C:/ti/simplelink_cc32xx_sdk_7_10_00_13/kernel/nortos\lib/gcc/m4/nortos_cc32xx.a(ClockPSysTick_nortos.c.obj)
 .bss.HwiP_dispatchTable
                0x2000c488      0x30c C:/ti/simplelink_cc32xx_sdk_7_10_00_13/kernel/nortos\lib/gcc/m4/nortos_cc32xx.a(HwiPCC32XX_nortos.c.obj)
 .bss.SwiP_lockState
                0x2000c794        0x4 C:/ti/simplelink_cc32xx_sdk_7_10_00_13/kernel/nortos\lib/gcc/m4/nortos_cc32xx.a(SwiP_nortos.c.obj)
 .bss.SwiP_readyMask
                0x2000c798        0x4 C:/ti/simplelink_cc32xx_sdk_7_10_00_13/kernel/nortos\lib/gcc/m4/nortos_cc32xx.a(SwiP_nortos.c.obj)
 .bss.SwiP_schedulerRunning
                0x2000c79c        0x1 C:/ti/simplelink_cc32xx_sdk_7_10_00_13/kernel/nortos\lib/gcc/m4/nortos_cc32xx.a(SwiP_nortos.c.obj)
 *fill*         0x2000c79d        0x3 
 .bss.__malloc_free_list
                0x2000c7a0        0x4 C:/ti/ccs1281/ccs/tools/compiler/gcc-arm-none-eabi-9-2019-q4-major/arm-none-eabi/lib/thumb/v7e-m/nofp\libc_nano.a(lib_a-nano-mallocr.o)
                0x2000c7a0                __malloc_free_list
 .bss.__malloc_sbrk_start
                0x2000c7a4        0x4 C:/ti/ccs1281/ccs/tools/compiler/gcc-arm-none-eabi-9-2019-q4-major/arm-none-eabi/lib/thumb/v7e-m/nofp\libc_nano.a(lib_a-nano-mallocr.o)
                0x2000c7a4                __malloc_sbrk_start
 .bss.heap_end.4144
                0x2000c7a8        0x4 C:/ti/ccs1281/ccs/tools/compiler/gcc-arm-none-eabi-9-2019-q4-major/arm-none-eabi/lib/thumb/v7e-m/nofp\libnosys.a(sbrk.o)
 *(COMMON)
 COMMON         0x2000c7ac       0x78 ./gpiointerrupt.o
                0x2000c7ac                timer0
                0x2000c7b0                output
                0x2000c7f0                i2cTransaction
                0x2000c810                i2c
                0x2000c814                rxBuffer
                0x2000c818                bytesToSend
                0x2000c81c                txBuffer
                0x2000c81d                BUTTON_STATE
                0x2000c820                uart
 COMMON         0x2000c824      0x408 ./syscfg/ti_drivers_config.o
                0x2000c824                gpioCallbackFunctions
                0x2000c8a8                uart2CC32XXObjects0
                0x2000ca20                udmaCC3220SObject
                0x2000ca28                timerCC32XXObjects
                0x2000caac                i2cCC32XXObjects
                0x2000cba8                gpioUserArgs
 COMMON         0x2000cc2c      0x12c C:/ti/simplelink_cc32xx_sdk_7_10_00_13/source\ti/drivers/lib/gcc/m4/drivers_cc32xx.a(PowerCC32XX.c.obj)
                0x2000cc2c                PowerCC32XX_contextSave
 COMMON         0x2000cd58       0x10 C:/ti/simplelink_cc32xx_sdk_7_10_00_13/kernel/nortos\lib/gcc/m4/nortos_cc32xx.a(ClockPSysTick_nortos.c.obj)
                0x2000cd58                ClockP_ctrl
 COMMON         0x2000cd68        0x4 C:/ti/ccs1281/ccs/tools/compiler/gcc-arm-none-eabi-9-2019-q4-major/arm-none-eabi/lib/thumb/v7e-m/nofp\libc_nano.a(lib_a-reent.o)
                0x2000cd68                errno
 COMMON         0x2000cd6c        0x9 C:/ti/ccs1281/ccs/tools/compiler/gcc-arm-none-eabi-9-2019-q4-major/arm-none-eabi/lib/thumb/v7e-m/nofp\libc_nano.a(lib_a-lock.o)
                0x2000cd6c                __lock___atexit_recursive_mutex
                0x2000cd6d                __lock___arc4random_mutex
                0x2000cd6e                __lock___env_recursive_mutex
                0x2000cd6f                __lock___sinit_recursive_mutex
                0x2000cd70                __lock___malloc_recursive_mutex
                0x2000cd71                __lock___at_quick_exit_mutex
                0x2000cd72                __lock___dd_hash_mutex
                0x2000cd73                __lock___tz_mutex
                0x2000cd74                __lock___sfp_recursive_mutex
                0x2000cd78                . = ALIGN (0x4)
 *fill*         0x2000cd75        0x3 
                0x2000cd78                __bss_end__ = .

.heap           0x2000cd78     0x8000
                0x2000cd78                __heap_start__ = .
                0x2000cd78                end = __heap_start__
                0x2000cd78                _end = end
                0x2000cd78                __end = end
                0x20014d78                . = (. + HEAP_SIZE)
 *fill*         0x2000cd78     0x8000 
 *(.heap)
                0x20014d78                __heap_end__ = .
                0x20014d78                __HeapLimit = __heap_end__

.stack          0x20014d78     0x1000
                0x20014d78                _stack = .
                0x20014d78                __stack = .
 *(.stack)
                0x20015d78                . = (. + STACKSIZE)
 *fill*         0x20014d78     0x1000 
                0x20015d78                _stack_end = .
                0x20015d78                __stack_end = .

.log_data
 *(.log_data)

.log_ptr
 *(.log_ptr*)
LOAD C:/Users/26sta/OneDrive/Desktop/College/CS 350/gpiointerrupt_CC3220S_LAUNCHXL_nortos_gcc/MCU+Image/syscfg\ti_utils_build_linker.cmd.genlibs
LOAD C:/ti/simplelink_cc32xx_sdk_7_10_00_13/source\ti/drivers/lib/gcc/m4/drivers_cc32xx.a
LOAD C:/ti/simplelink_cc32xx_sdk_7_10_00_13/source\ti/grlib/lib/gcc/m4/grlib.a
LOAD C:/ti/simplelink_cc32xx_sdk_7_10_00_13/kernel/nortos\lib/gcc/m4/nortos_cc32xx.a
LOAD C:/ti/simplelink_cc32xx_sdk_7_10_00_13/source\ti/devices/cc32xx/driverlib/gcc/Release/driverlib.a
LOAD c:/ti/ccs1281/ccs/tools/compiler/gcc-arm-none-eabi-9-2019-q4-major/bin/../lib/gcc/arm-none-eabi/9.2.1/thumb/v7e-m/nofp\libgcc.a
LOAD C:/ti/ccs1281/ccs/tools/compiler/gcc-arm-none-eabi-9-2019-q4-major/arm-none-eabi/lib/thumb/v7e-m/nofp\libc_nano.a
LOAD C:/ti/ccs1281/ccs/tools/compiler/gcc-arm-none-eabi-9-2019-q4-major/arm-none-eabi/lib/thumb/v7e-m/nofp\libm.a
LOAD C:/ti/ccs1281/ccs/tools/compiler/gcc-arm-none-eabi-9-2019-q4-major/arm-none-eabi/lib/thumb/v7e-m/nofp\libnosys.a
START GROUP
LOAD c:/ti/ccs1281/ccs/tools/compiler/gcc-arm-none-eabi-9-2019-q4-major/bin/../lib/gcc/arm-none-eabi/9.2.1/thumb/v7e-m/nofp\libgcc.a
LOAD C:/ti/ccs1281/ccs/tools/compiler/gcc-arm-none-eabi-9-2019-q4-major/arm-none-eabi/lib/thumb/v7e-m/nofp\libg_nano.a
LOAD C:/ti/ccs1281/ccs/tools/compiler/gcc-arm-none-eabi-9-2019-q4-major/arm-none-eabi/lib/thumb/v7e-m/nofp\libc_nano.a
END GROUP
START GROUP
LOAD c:/ti/ccs1281/ccs/tools/compiler/gcc-arm-none-eabi-9-2019-q4-major/bin/../lib/gcc/arm-none-eabi/9.2.1/thumb/v7e-m/nofp\libgcc.a
LOAD C:/ti/ccs1281/ccs/tools/compiler/gcc-arm-none-eabi-9-2019-q4-major/arm-none-eabi/lib/thumb/v7e-m/nofp\libc_nano.a
END GROUP
OUTPUT(gpiointerrupt_CC3220S_LAUNCHXL_nortos_gcc.out elf32-littlearm)

.debug_info     0x00000000    0x1dc08
 .debug_info    0x00000000     0x1735 ./gpiointerrupt.o
 .debug_info    0x00001735     0x15ae ./syscfg/ti_drivers_config.o
 .debug_info    0x00002ce3       0x82 ./main_nortos.o
 .debug_info    0x00002d65      0xaa4 C:/ti/simplelink_cc32xx_sdk_7_10_00_13/source\ti/drivers/lib/gcc/m4/drivers_cc32xx.a(GPIO.c.obj)
 .debug_info    0x00003809     0x10c8 C:/ti/simplelink_cc32xx_sdk_7_10_00_13/source\ti/drivers/lib/gcc/m4/drivers_cc32xx.a(GPIOCC32XX.c.obj)
 .debug_info    0x000048d1     0x11d4 C:/ti/simplelink_cc32xx_sdk_7_10_00_13/source\ti/drivers/lib/gcc/m4/drivers_cc32xx.a(I2C.c.obj)
 .debug_info    0x00005aa5     0x1eb3 C:/ti/simplelink_cc32xx_sdk_7_10_00_13/source\ti/drivers/lib/gcc/m4/drivers_cc32xx.a(I2CCC32XX.c.obj)
 .debug_info    0x00007958     0x1f70 C:/ti/simplelink_cc32xx_sdk_7_10_00_13/source\ti/drivers/lib/gcc/m4/drivers_cc32xx.a(PowerCC32XX.c.obj)
 .debug_info    0x000098c8     0x101d C:/ti/simplelink_cc32xx_sdk_7_10_00_13/source\ti/drivers/lib/gcc/m4/drivers_cc32xx.a(Timer.c.obj)
 .debug_info    0x0000a8e5     0x126b C:/ti/simplelink_cc32xx_sdk_7_10_00_13/source\ti/drivers/lib/gcc/m4/drivers_cc32xx.a(TimerCC32XX.c.obj)
 .debug_info    0x0000bb50     0x2138 C:/ti/simplelink_cc32xx_sdk_7_10_00_13/source\ti/drivers/lib/gcc/m4/drivers_cc32xx.a(UART2.c.obj)
 .debug_info    0x0000dc88     0x2db2 C:/ti/simplelink_cc32xx_sdk_7_10_00_13/source\ti/drivers/lib/gcc/m4/drivers_cc32xx.a(UART2CC32XX.c.obj)
 .debug_info    0x00010a3a      0xc58 C:/ti/simplelink_cc32xx_sdk_7_10_00_13/source\ti/drivers/lib/gcc/m4/drivers_cc32xx.a(List.c.obj)
 .debug_info    0x00011692      0x811 C:/ti/simplelink_cc32xx_sdk_7_10_00_13/source\ti/drivers/lib/gcc/m4/drivers_cc32xx.a(RingBuf.c.obj)
 .debug_info    0x00011ea3      0x632 C:/ti/simplelink_cc32xx_sdk_7_10_00_13/source\ti/drivers/lib/gcc/m4/drivers_cc32xx.a(UDMACC32XX.c.obj)
 .debug_info    0x000124d5      0x1ec C:/ti/simplelink_cc32xx_sdk_7_10_00_13/kernel/nortos\lib/gcc/m4/nortos_cc32xx.a(NoRTOS.c.obj)
 .debug_info    0x000126c1     0x1498 C:/ti/simplelink_cc32xx_sdk_7_10_00_13/kernel/nortos\lib/gcc/m4/nortos_cc32xx.a(SemaphoreP_nortos.c.obj)
 .debug_info    0x00013b59     0x1b01 C:/ti/simplelink_cc32xx_sdk_7_10_00_13/kernel/nortos\lib/gcc/m4/nortos_cc32xx.a(ClockPSysTick_nortos.c.obj)
 .debug_info    0x0001565a     0x17d2 C:/ti/simplelink_cc32xx_sdk_7_10_00_13/kernel/nortos\lib/gcc/m4/nortos_cc32xx.a(HwiPCC32XX_nortos.c.obj)
 .debug_info    0x00016e2c      0x8aa C:/ti/simplelink_cc32xx_sdk_7_10_00_13/kernel/nortos\lib/gcc/m4/nortos_cc32xx.a(PowerCC32XX_nortos.c.obj)
 .debug_info    0x000176d6      0xb83 C:/ti/simplelink_cc32xx_sdk_7_10_00_13/kernel/nortos\lib/gcc/m4/nortos_cc32xx.a(startup_cc32xx_gcc.c.obj)
 .debug_info    0x00018259     0x1a3a C:/ti/simplelink_cc32xx_sdk_7_10_00_13/kernel/nortos\lib/gcc/m4/nortos_cc32xx.a(SwiP_nortos.c.obj)
 .debug_info    0x00019c93      0x109 C:/ti/simplelink_cc32xx_sdk_7_10_00_13/source\ti/devices/cc32xx/driverlib/gcc/Release/driverlib.a(cpu.obj)
 .debug_info    0x00019d9c      0x3e6 C:/ti/simplelink_cc32xx_sdk_7_10_00_13/source\ti/devices/cc32xx/driverlib/gcc/Release/driverlib.a(gpio.obj)
 .debug_info    0x0001a182      0xc41 C:/ti/simplelink_cc32xx_sdk_7_10_00_13/source\ti/devices/cc32xx/driverlib/gcc/Release/driverlib.a(i2c.obj)
 .debug_info    0x0001adc3      0x3a3 C:/ti/simplelink_cc32xx_sdk_7_10_00_13/source\ti/devices/cc32xx/driverlib/gcc/Release/driverlib.a(interrupt.obj)
 .debug_info    0x0001b166      0x545 C:/ti/simplelink_cc32xx_sdk_7_10_00_13/source\ti/devices/cc32xx/driverlib/gcc/Release/driverlib.a(pin.obj)
 .debug_info    0x0001b6ab      0xc9c C:/ti/simplelink_cc32xx_sdk_7_10_00_13/source\ti/devices/cc32xx/driverlib/gcc/Release/driverlib.a(prcm.obj)
 .debug_info    0x0001c347      0x10e C:/ti/simplelink_cc32xx_sdk_7_10_00_13/source\ti/devices/cc32xx/driverlib/gcc/Release/driverlib.a(systick.obj)
 .debug_info    0x0001c455      0x612 C:/ti/simplelink_cc32xx_sdk_7_10_00_13/source\ti/devices/cc32xx/driverlib/gcc/Release/driverlib.a(timer.obj)
 .debug_info    0x0001ca67      0x89d C:/ti/simplelink_cc32xx_sdk_7_10_00_13/source\ti/devices/cc32xx/driverlib/gcc/Release/driverlib.a(uart.obj)
 .debug_info    0x0001d304      0x58d C:/ti/simplelink_cc32xx_sdk_7_10_00_13/source\ti/devices/cc32xx/driverlib/gcc/Release/driverlib.a(udma.obj)
 .debug_info    0x0001d891       0x52 C:/ti/simplelink_cc32xx_sdk_7_10_00_13/source\ti/devices/cc32xx/driverlib/gcc/Release/driverlib.a(utils.obj)
 .debug_info    0x0001d8e3      0x325 C:/ti/simplelink_cc32xx_sdk_7_10_00_13/source\ti/devices/cc32xx/driverlib/gcc/Release/driverlib.a(flash.obj)

.debug_abbrev   0x00000000     0x5bbd
 .debug_abbrev  0x00000000      0x422 ./gpiointerrupt.o
 .debug_abbrev  0x00000422      0x279 ./syscfg/ti_drivers_config.o
 .debug_abbrev  0x0000069b       0x43 ./main_nortos.o
 .debug_abbrev  0x000006de      0x23f C:/ti/simplelink_cc32xx_sdk_7_10_00_13/source\ti/drivers/lib/gcc/m4/drivers_cc32xx.a(GPIO.c.obj)
 .debug_abbrev  0x0000091d      0x386 C:/ti/simplelink_cc32xx_sdk_7_10_00_13/source\ti/drivers/lib/gcc/m4/drivers_cc32xx.a(GPIOCC32XX.c.obj)
 .debug_abbrev  0x00000ca3      0x3d5 C:/ti/simplelink_cc32xx_sdk_7_10_00_13/source\ti/drivers/lib/gcc/m4/drivers_cc32xx.a(I2C.c.obj)
 .debug_abbrev  0x00001078      0x512 C:/ti/simplelink_cc32xx_sdk_7_10_00_13/source\ti/drivers/lib/gcc/m4/drivers_cc32xx.a(I2CCC32XX.c.obj)
 .debug_abbrev  0x0000158a      0x509 C:/ti/simplelink_cc32xx_sdk_7_10_00_13/source\ti/drivers/lib/gcc/m4/drivers_cc32xx.a(PowerCC32XX.c.obj)
 .debug_abbrev  0x00001a93      0x303 C:/ti/simplelink_cc32xx_sdk_7_10_00_13/source\ti/drivers/lib/gcc/m4/drivers_cc32xx.a(Timer.c.obj)
 .debug_abbrev  0x00001d96      0x458 C:/ti/simplelink_cc32xx_sdk_7_10_00_13/source\ti/drivers/lib/gcc/m4/drivers_cc32xx.a(TimerCC32XX.c.obj)
 .debug_abbrev  0x000021ee      0x45a C:/ti/simplelink_cc32xx_sdk_7_10_00_13/source\ti/drivers/lib/gcc/m4/drivers_cc32xx.a(UART2.c.obj)
 .debug_abbrev  0x00002648      0x54d C:/ti/simplelink_cc32xx_sdk_7_10_00_13/source\ti/drivers/lib/gcc/m4/drivers_cc32xx.a(UART2CC32XX.c.obj)
 .debug_abbrev  0x00002b95      0x27b C:/ti/simplelink_cc32xx_sdk_7_10_00_13/source\ti/drivers/lib/gcc/m4/drivers_cc32xx.a(List.c.obj)
 .debug_abbrev  0x00002e10      0x249 C:/ti/simplelink_cc32xx_sdk_7_10_00_13/source\ti/drivers/lib/gcc/m4/drivers_cc32xx.a(RingBuf.c.obj)
 .debug_abbrev  0x00003059      0x217 C:/ti/simplelink_cc32xx_sdk_7_10_00_13/source\ti/drivers/lib/gcc/m4/drivers_cc32xx.a(UDMACC32XX.c.obj)
 .debug_abbrev  0x00003270      0x116 C:/ti/simplelink_cc32xx_sdk_7_10_00_13/kernel/nortos\lib/gcc/m4/nortos_cc32xx.a(NoRTOS.c.obj)
 .debug_abbrev  0x00003386      0x470 C:/ti/simplelink_cc32xx_sdk_7_10_00_13/kernel/nortos\lib/gcc/m4/nortos_cc32xx.a(SemaphoreP_nortos.c.obj)
 .debug_abbrev  0x000037f6      0x5d6 C:/ti/simplelink_cc32xx_sdk_7_10_00_13/kernel/nortos\lib/gcc/m4/nortos_cc32xx.a(ClockPSysTick_nortos.c.obj)
 .debug_abbrev  0x00003dcc      0x4e6 C:/ti/simplelink_cc32xx_sdk_7_10_00_13/kernel/nortos\lib/gcc/m4/nortos_cc32xx.a(HwiPCC32XX_nortos.c.obj)
 .debug_abbrev  0x000042b2      0x249 C:/ti/simplelink_cc32xx_sdk_7_10_00_13/kernel/nortos\lib/gcc/m4/nortos_cc32xx.a(PowerCC32XX_nortos.c.obj)
 .debug_abbrev  0x000044fb      0x301 C:/ti/simplelink_cc32xx_sdk_7_10_00_13/kernel/nortos\lib/gcc/m4/nortos_cc32xx.a(startup_cc32xx_gcc.c.obj)
 .debug_abbrev  0x000047fc      0x523 C:/ti/simplelink_cc32xx_sdk_7_10_00_13/kernel/nortos\lib/gcc/m4/nortos_cc32xx.a(SwiP_nortos.c.obj)